Archive member included because of file (symbol)

c:/freescale/kds_2.0.0/toolchain/bin/../lib/gcc/arm-none-eabi/4.8.0/../../../../arm-none-eabi/lib/m4/fp/v4-sp-d16\libm.a(lib_a-sf_floor.o)
                              ./Sources/main.o (floorf)
c:/freescale/kds_2.0.0/toolchain/bin/../lib/gcc/arm-none-eabi/4.8.0/m4/fp/v4-sp-d16\libgcc.a(_arm_addsubdf3.o)
                              ./Sources/main.o (__aeabi_i2d)
c:/freescale/kds_2.0.0/toolchain/bin/../lib/gcc/arm-none-eabi/4.8.0/m4/fp/v4-sp-d16\libgcc.a(_arm_muldivdf3.o)
                              ./Sources/main.o (__aeabi_ddiv)
c:/freescale/kds_2.0.0/toolchain/bin/../lib/gcc/arm-none-eabi/4.8.0/m4/fp/v4-sp-d16\libgcc.a(_arm_truncdfsf2.o)
                              ./Sources/main.o (__aeabi_d2f)
c:/freescale/kds_2.0.0/toolchain/bin/../lib/gcc/arm-none-eabi/4.8.0/../../../../arm-none-eabi/lib/m4/fp/v4-sp-d16\libg_s.a(lib_a-atexit.o)
                              c:/freescale/kds_2.0.0/toolchain/bin/../lib/gcc/arm-none-eabi/4.8.0/../../../../arm-none-eabi/lib/m4/fp/v4-sp-d16/crt0.o (atexit)
c:/freescale/kds_2.0.0/toolchain/bin/../lib/gcc/arm-none-eabi/4.8.0/../../../../arm-none-eabi/lib/m4/fp/v4-sp-d16\libg_s.a(lib_a-exit.o)
                              c:/freescale/kds_2.0.0/toolchain/bin/../lib/gcc/arm-none-eabi/4.8.0/../../../../arm-none-eabi/lib/m4/fp/v4-sp-d16/crt0.o (exit)
c:/freescale/kds_2.0.0/toolchain/bin/../lib/gcc/arm-none-eabi/4.8.0/../../../../arm-none-eabi/lib/m4/fp/v4-sp-d16\libg_s.a(lib_a-fini.o)
                              c:/freescale/kds_2.0.0/toolchain/bin/../lib/gcc/arm-none-eabi/4.8.0/../../../../arm-none-eabi/lib/m4/fp/v4-sp-d16\libg_s.a(lib_a-exit.o) (__libc_fini_array)
c:/freescale/kds_2.0.0/toolchain/bin/../lib/gcc/arm-none-eabi/4.8.0/../../../../arm-none-eabi/lib/m4/fp/v4-sp-d16\libg_s.a(lib_a-impure.o)
                              c:/freescale/kds_2.0.0/toolchain/bin/../lib/gcc/arm-none-eabi/4.8.0/../../../../arm-none-eabi/lib/m4/fp/v4-sp-d16\libg_s.a(lib_a-exit.o) (_global_impure_ptr)
c:/freescale/kds_2.0.0/toolchain/bin/../lib/gcc/arm-none-eabi/4.8.0/../../../../arm-none-eabi/lib/m4/fp/v4-sp-d16\libg_s.a(lib_a-memcpy.o)
                              ./Generated_Code/PDC1.o (memcpy)
c:/freescale/kds_2.0.0/toolchain/bin/../lib/gcc/arm-none-eabi/4.8.0/../../../../arm-none-eabi/lib/m4/fp/v4-sp-d16\libg_s.a(lib_a-memset.o)
                              c:/freescale/kds_2.0.0/toolchain/bin/../lib/gcc/arm-none-eabi/4.8.0/../../../../arm-none-eabi/lib/m4/fp/v4-sp-d16/crt0.o (memset)
c:/freescale/kds_2.0.0/toolchain/bin/../lib/gcc/arm-none-eabi/4.8.0/../../../../arm-none-eabi/lib/m4/fp/v4-sp-d16\libg_s.a(lib_a-sprintf.o)
                              ./Sources/main.o (sprintf)
c:/freescale/kds_2.0.0/toolchain/bin/../lib/gcc/arm-none-eabi/4.8.0/../../../../arm-none-eabi/lib/m4/fp/v4-sp-d16\libg_s.a(lib_a-strchr.o)
                              ./Generated_Code/UTIL1.o (strchr)
c:/freescale/kds_2.0.0/toolchain/bin/../lib/gcc/arm-none-eabi/4.8.0/../../../../arm-none-eabi/lib/m4/fp/v4-sp-d16\libg_s.a(lib_a-strlen.o)
                              ./Sources/Application.o (strlen)
c:/freescale/kds_2.0.0/toolchain/bin/../lib/gcc/arm-none-eabi/4.8.0/../../../../arm-none-eabi/lib/m4/fp/v4-sp-d16\libg_s.a(lib_a-strncmp.o)
                              ./Generated_Code/UTIL1.o (strncmp)
c:/freescale/kds_2.0.0/toolchain/bin/../lib/gcc/arm-none-eabi/4.8.0/../../../../arm-none-eabi/lib/m4/fp/v4-sp-d16\libg_s.a(lib_a-svfprintf.o)
                              c:/freescale/kds_2.0.0/toolchain/bin/../lib/gcc/arm-none-eabi/4.8.0/../../../../arm-none-eabi/lib/m4/fp/v4-sp-d16\libg_s.a(lib_a-sprintf.o) (_svfprintf_r)
c:/freescale/kds_2.0.0/toolchain/bin/../lib/gcc/arm-none-eabi/4.8.0/../../../../arm-none-eabi/lib/m4/fp/v4-sp-d16\libg_s.a(lib_a-syscalls.o)
                              c:/freescale/kds_2.0.0/toolchain/bin/../lib/gcc/arm-none-eabi/4.8.0/../../../../arm-none-eabi/lib/m4/fp/v4-sp-d16\libg_s.a(lib_a-exit.o) (_exit)
c:/freescale/kds_2.0.0/toolchain/bin/../lib/gcc/arm-none-eabi/4.8.0/../../../../arm-none-eabi/lib/m4/fp/v4-sp-d16\libg_s.a(lib_a-vfprintf_i.o)
                              c:/freescale/kds_2.0.0/toolchain/bin/../lib/gcc/arm-none-eabi/4.8.0/../../../../arm-none-eabi/lib/m4/fp/v4-sp-d16\libg_s.a(lib_a-svfprintf.o) (_printf_i)
c:/freescale/kds_2.0.0/toolchain/bin/../lib/gcc/arm-none-eabi/4.8.0/../../../../arm-none-eabi/lib/m4/fp/v4-sp-d16\libg_s.a(lib_a-__atexit.o)
                              c:/freescale/kds_2.0.0/toolchain/bin/../lib/gcc/arm-none-eabi/4.8.0/../../../../arm-none-eabi/lib/m4/fp/v4-sp-d16\libg_s.a(lib_a-atexit.o) (__do_register_exitproc)
c:/freescale/kds_2.0.0/toolchain/bin/../lib/gcc/arm-none-eabi/4.8.0/../../../../arm-none-eabi/lib/m4/fp/v4-sp-d16\libg_s.a(lib_a-__call_atexit.o)
                              c:/freescale/kds_2.0.0/toolchain/bin/../lib/gcc/arm-none-eabi/4.8.0/../../../../arm-none-eabi/lib/m4/fp/v4-sp-d16\libg_s.a(lib_a-__atexit.o) (__call_exitprocs)
[...]
Memory Configuration

Name             Origin             Length             Attributes
m_interrupts     0x00000000         0x00000198         xr
m_text           0x00000410         0x000ffbf0         xr
m_data_1FFF0000  0x1fff0000         0x00010000         rw
m_data           0x20000000         0x00030000         rw
m_cfmprotrom     0x00000400         0x00000010         xr
*default*        0x00000000         0xffffffff

Linker script and memory map

LOAD c:/freescale/kds_2.0.0/toolchain/bin/../lib/gcc/arm-none-eabi/4.8.0/m4/fp/v4-sp-d16/crti.o
LOAD c:/freescale/kds_2.0.0/toolchain/bin/../lib/gcc/arm-none-eabi/4.8.0/m4/fp/v4-sp-d16/crtbegin.o
LOAD c:/freescale/kds_2.0.0/toolchain/bin/../lib/gcc/arm-none-eabi/4.8.0/../../../../arm-none-eabi/lib/m4/fp/v4-sp-d16/crt0.o
LOAD ./Static_Code/System/CPU_Init.o
LOAD ./Static_Code/System/Peripherals_Init.o
LOAD ./Static_Code/System/Vectors.o
LOAD ./Sources/Application.o
LOAD ./Sources/Events.o
LOAD ./Sources/main.o
LOAD ./Project_Settings/Startup_Code/startup.o
LOAD ./Generated_Code/AD1.o
LOAD ./Generated_Code/AdcLdd1.o
LOAD ./Generated_Code/BitIoLdd1.o
LOAD ./Generated_Code/BitIoLdd2.o
LOAD ./Generated_Code/BitIoLdd3.o
LOAD ./Generated_Code/CD1.o
LOAD ./Generated_Code/CI2C1.o
LOAD ./Generated_Code/CS1.o
LOAD ./Generated_Code/Cpu.o
LOAD ./Generated_Code/D_Cpin1.o
LOAD ./Generated_Code/ENC_PB.o
LOAD ./Generated_Code/ENC_SW_1.o
LOAD ./Generated_Code/ENC_SW_2.o
LOAD ./Generated_Code/ExtIntLdd1.o
LOAD ./Generated_Code/ExtIntLdd2.o
LOAD ./Generated_Code/ExtIntLdd3.o
LOAD ./Generated_Code/FAT1.o
LOAD ./Generated_Code/FX1.o
LOAD ./Generated_Code/GI2C1.o
LOAD ./Generated_Code/PDC1.o
LOAD ./Generated_Code/PE_LDD.o
LOAD ./Generated_Code/RESpin1.o
LOAD ./Generated_Code/SCEpin1.o
LOAD ./Generated_Code/SD1.o
LOAD ./Generated_Code/SM1.o
LOAD ./Generated_Code/SM2.o
LOAD ./Generated_Code/SS1.o
LOAD ./Generated_Code/TI1.o
LOAD ./Generated_Code/TI1_SW.o
LOAD ./Generated_Code/TMOUT1.o
LOAD ./Generated_Code/TU1.o
LOAD ./Generated_Code/TU2.o
LOAD ./Generated_Code/TimerIntLdd1.o
LOAD ./Generated_Code/TimerIntLdd2.o
LOAD ./Generated_Code/TmDt1.o
LOAD ./Generated_Code/UTIL1.o
LOAD ./Generated_Code/WAIT1.o
LOAD ./Generated_Code/bLED.o
LOAD ./Generated_Code/ff.o
LOAD ./Generated_Code/gLED.o
LOAD ./Generated_Code/rLED.o
LOAD ./cloudy.o
LOAD ./dftba.o
LOAD ./pizza.o
LOAD ./pizza_.o
LOAD ./pizza_john.o
LOAD ./xkcd_image.o
LOAD c:/freescale/kds_2.0.0/toolchain/bin/../lib/gcc/arm-none-eabi/4.8.0/../../../../arm-none-eabi/lib/m4/fp/v4-sp-d16\libstdc++.a
LOAD c:/freescale/kds_2.0.0/toolchain/bin/../lib/gcc/arm-none-eabi/4.8.0/../../../../arm-none-eabi/lib/m4/fp/v4-sp-d16\libm.a
START GROUP
LOAD c:/freescale/kds_2.0.0/toolchain/bin/../lib/gcc/arm-none-eabi/4.8.0/m4/fp/v4-sp-d16\libgcc.a
LOAD c:/freescale/kds_2.0.0/toolchain/bin/../lib/gcc/arm-none-eabi/4.8.0/../../../../arm-none-eabi/lib/m4/fp/v4-sp-d16\libg_s.a
LOAD c:/freescale/kds_2.0.0/toolchain/bin/../lib/gcc/arm-none-eabi/4.8.0/../../../../arm-none-eabi/lib/m4/fp/v4-sp-d16\libc_s.a
END GROUP
LOAD c:/freescale/kds_2.0.0/toolchain/bin/../lib/gcc/arm-none-eabi/4.8.0/m4/fp/v4-sp-d16/crtend.o
LOAD c:/freescale/kds_2.0.0/toolchain/bin/../lib/gcc/arm-none-eabi/4.8.0/m4/fp/v4-sp-d16/crtn.o
                0x20030000                _estack = 0x20030000
                0x20030000                __SP_INIT = _estack
                0x00000000                __heap_size = 0x0
                0x00000400                __stack_size = 0x400

.interrupts     0x00000000      0x198
                0x00000000                __vector_table = .
                0x00000000                . = ALIGN (0x4)
 *(.vectortable)
 .vectortable   0x00000000      0x198 ./Static_Code/System/Vectors.o
                0x00000000                __vect_table
                0x00000198                . = ALIGN (0x4)

.cfmprotect     0x00000400       0x10
                0x00000400                . = ALIGN (0x4)
 *(.cfmconfig)
 .cfmconfig     0x00000400       0x10 ./Static_Code/System/CPU_Init.o
                0x00000400                _cfm
                0x00000410                . = ALIGN (0x4)

.text           0x00000410     0xa020
                0x00000410                . = ALIGN (0x4)
 *(.text)
 .text          0x00000410      0x370 c:/freescale/kds_2.0.0/toolchain/bin/../lib/gcc/arm-none-eabi/4.8.0/m4/fp/v4-sp-d16\libgcc.a(_arm_addsubdf3.o)
                0x00000410                __aeabi_drsub
                0x00000418                __aeabi_dsub
                0x00000418                __subdf3
                0x0000041c                __aeabi_dadd
                0x0000041c                __adddf3
                0x00000694                __floatunsidf
                0x00000694                __aeabi_ui2d
                0x000006b4                __floatsidf
                0x000006b4                __aeabi_i2d
                0x000006d8                __aeabi_f2d
                0x000006d8                __extendsfdf2
                0x00000714                __floatundidf
                0x00000714                __aeabi_ul2d
                0x00000724                __floatdidf
                0x00000724                __aeabi_l2d
 .text          0x00000780      0x424 c:/freescale/kds_2.0.0/toolchain/bin/../lib/gcc/arm-none-eabi/4.8.0/m4/fp/v4-sp-d16\libgcc.a(_arm_muldivdf3.o)
                0x00000780                __aeabi_dmul
                0x00000780                __muldf3
                0x000009d4                __divdf3
                0x000009d4                __aeabi_ddiv
 .text          0x00000ba4       0xa0 c:/freescale/kds_2.0.0/toolchain/bin/../lib/gcc/arm-none-eabi/4.8.0/m4/fp/v4-sp-d16\libgcc.a(_arm_truncdfsf2.o)
                0x00000ba4                __truncdfsf2
                0x00000ba4                __aeabi_d2f
 *(.text*)
 .text.deregister_tm_clones
                0x00000c44       0x20 c:/freescale/kds_2.0.0/toolchain/bin/../lib/gcc/arm-none-eabi/4.8.0/m4/fp/v4-sp-d16/crtbegin.o
 .text.register_tm_clones
                0x00000c64       0x28 c:/freescale/kds_2.0.0/toolchain/bin/../lib/gcc/arm-none-eabi/4.8.0/m4/fp/v4-sp-d16/crtbegin.o
 .text.__do_global_dtors_aux
                0x00000c8c       0x2c c:/freescale/kds_2.0.0/toolchain/bin/../lib/gcc/arm-none-eabi/4.8.0/m4/fp/v4-sp-d16/crtbegin.o
 .text.frame_dummy
                0x00000cb8       0x38 c:/freescale/kds_2.0.0/toolchain/bin/../lib/gcc/arm-none-eabi/4.8.0/m4/fp/v4-sp-d16/crtbegin.o
 .text.CPU_SetBASEPRI
                0x00000cf0       0x18 ./Static_Code/System/CPU_Init.o
                0x00000cf0                CPU_SetBASEPRI
 .text.__init_hardware
                0x00000d08       0xb4 ./Static_Code/System/CPU_Init.o
                0x00000d08                __init_hardware
 .text.PE_low_level_init
                0x00000dbc       0x60 ./Static_Code/System/CPU_Init.o
                0x00000dbc                PE_low_level_init
 .text.CPU_GetClockGenMode
                0x00000e1c       0xb0 ./Static_Code/System/CPU_Init.o
                0x00000e1c                CPU_GetClockGenMode
 .text.CPU_SetClockConfigGenMode
                0x00000ecc      0x7b4 ./Static_Code/System/CPU_Init.o
                0x00000ecc                CPU_SetClockConfigGenMode
 .text.UnhandledInterrupt
                0x00001680       0x18 ./Static_Code/System/Vectors.o
                0x00001680                UnhandledInterrupt
 .text.APP_Run  0x00001698       0xbc ./Sources/Application.o
                0x00001698                APP_Run
 .text.Err      0x00001754        0x8 ./Sources/Application.o
 .text.LogToFile
                0x0000175c      0x18c ./Sources/Application.o
 .text.Cpu_OnNMI
                0x000018e8        0xc ./Sources/Events.o
                0x000018e8                Cpu_OnNMI
 .text.SM1_OnBlockSent
                0x000018f4       0x14 ./Sources/Events.o
                0x000018f4                SM1_OnBlockSent
 .text.ENC_SW_2_OnInterrupt
                0x00001908      0x178 ./Sources/Events.o
                0x00001908                ENC_SW_2_OnInterrupt
 .text.ENC_SW_1_OnInterrupt
                0x00001a80      0x178 ./Sources/Events.o
                0x00001a80                ENC_SW_1_OnInterrupt
 .text.ENC_PB_OnInterrupt
                0x00001bf8       0x18 ./Sources/Events.o
                0x00001bf8                ENC_PB_OnInterrupt
 .text.TI1_SW_OnInterrupt
                0x00001c10       0x18 ./Sources/Events.o
                0x00001c10                TI1_SW_OnInterrupt
 .text.AD1_OnEnd
                0x00001c28       0x18 ./Sources/Events.o
                0x00001c28                AD1_OnEnd
 .text.AD1_OnCalibrationEnd
                0x00001c40        0xc ./Sources/Events.o
                0x00001c40                AD1_OnCalibrationEnd
 .text.main     0x00001c4c      0x120 ./Sources/main.o
                0x00001c4c                main
 *fill*         0x00001d6c        0x4 
 .text.read_light
                0x00001d70       0xd8 ./Sources/main.o
                0x00001d70                read_light
 .text.read_temp
                0x00001e48       0xd8 ./Sources/main.o
                0x00001e48                read_temp
 .text.check_enc_pb
                0x00001f20      0x128 ./Sources/main.o
                0x00001f20                check_enc_pb
 .text.update_temp_display
                0x00002048      0x20c ./Sources/main.o
                0x00002048                update_temp_display
 .text.update_lux_display
                0x00002254      0x128 ./Sources/main.o
                0x00002254                update_lux_display
 .text.__flush_cache
                0x0000237c       0x14 ./Project_Settings/Startup_Code/startup.o
                0x0000237c                __flush_cache
 .text.__copy_rom_section
                0x00002390       0xe4 ./Project_Settings/Startup_Code/startup.o
                0x00002390                __copy_rom_section
 .text.__copy_rom_sections_to_ram
                0x00002474       0xf8 ./Project_Settings/Startup_Code/startup.o
                0x00002474                __copy_rom_sections_to_ram
 .text.zero_fill_bss
                0x0000256c       0xbc ./Project_Settings/Startup_Code/startup.o
 .text.__init_registers
                0x00002628       0x20 ./Project_Settings/Startup_Code/startup.o
                0x00002628                __init_registers
 .text.__init_user
                0x00002648        0xc ./Project_Settings/Startup_Code/startup.o
                0x00002648                __init_user
 .text.__thumb_startup
                0x00002654       0x50 ./Project_Settings/Startup_Code/startup.o
                0x00002654                __thumb_startup
 .text.ClrSumV  0x000026a4       0x24 ./Generated_Code/AD1.o
 .text.AD1_HWEnDi
                0x000026c8       0xe4 ./Generated_Code/AD1.o
                0x000026c8                AD1_HWEnDi
 .text.AD1_MeasureChan
                0x000027ac       0x6c ./Generated_Code/AD1.o
                0x000027ac                AD1_MeasureChan
 .text.AD1_GetChanValue16
                0x00002818       0x5c ./Generated_Code/AD1.o
                0x00002818                AD1_GetChanValue16
 .text.AdcLdd1_OnMeasurementComplete
                0x00002874      0x17c ./Generated_Code/AD1.o
                0x00002874                AdcLdd1_OnMeasurementComplete
 .text.AD1_Init
                0x000029f0       0x30 ./Generated_Code/AD1.o
                0x000029f0                AD1_Init
 .text.AdcLdd1_Init
                0x00002a20      0x16c ./Generated_Code/AdcLdd1.o
                0x00002a20                AdcLdd1_Init
 .text.AdcLdd1_StartSingleMeasurement
                0x00002b8c       0x6c ./Generated_Code/AdcLdd1.o
                0x00002b8c                AdcLdd1_StartSingleMeasurement
 .text.AdcLdd1_CreateSampleGroup
                0x00002bf8       0x74 ./Generated_Code/AdcLdd1.o
                0x00002bf8                AdcLdd1_CreateSampleGroup
 .text.AdcLdd1_GetMeasuredValues
                0x00002c6c       0x50 ./Generated_Code/AdcLdd1.o
                0x00002c6c                AdcLdd1_GetMeasuredValues
 .text.AdcLdd1_GetCalibrationResultStatus
                0x00002cbc      0x110 ./Generated_Code/AdcLdd1.o
                0x00002cbc                AdcLdd1_GetCalibrationResultStatus
 .text.AdcLdd1_MeasurementCompleteInterrupt
                0x00002dcc       0x40 ./Generated_Code/AdcLdd1.o
                0x00002dcc                AdcLdd1_MeasurementCompleteInterrupt
 .text.BitIoLdd1_Init
                0x00002e0c       0xa8 ./Generated_Code/BitIoLdd1.o
                0x00002e0c                BitIoLdd1_Init
 .text.BitIoLdd2_Init
                0x00002eb4       0xa8 ./Generated_Code/BitIoLdd2.o
                0x00002eb4                BitIoLdd2_Init
 .text.BitIoLdd3_Init
                0x00002f5c       0xa8 ./Generated_Code/BitIoLdd3.o
                0x00002f5c                BitIoLdd3_Init
 .text.CD1_Init
                0x00003004       0x90 ./Generated_Code/CD1.o
                0x00003004                CD1_Init
 .text.CI2C1_Init
                0x00003094      0x19c ./Generated_Code/CI2C1.o
                0x00003094                CI2C1_Init
 .text.CI2C1_MasterSendBlock
                0x00003230      0x1e8 ./Generated_Code/CI2C1.o
                0x00003230                CI2C1_MasterSendBlock
 .text.CI2C1_MasterReceiveBlock
                0x00003418      0x1e0 ./Generated_Code/CI2C1.o
                0x00003418                CI2C1_MasterReceiveBlock
 .text.CI2C1_SelectSlaveDevice
                0x000035f8       0xf0 ./Generated_Code/CI2C1.o
                0x000035f8                CI2C1_SelectSlaveDevice
 .text.Components_Init
                0x000036e8       0x64 ./Generated_Code/Cpu.o
                0x000036e8                Components_Init
 .text.Cpu_ivINT_PORTB
                0x0000374c       0x20 ./Generated_Code/Cpu.o
                0x0000374c                Cpu_ivINT_PORTB
 .text.Cpu_INT_NMIInterrupt
                0x0000376c       0x1c ./Generated_Code/Cpu.o
                0x0000376c                Cpu_INT_NMIInterrupt
 .text.D_Cpin1_Init
                0x00003788       0xa8 ./Generated_Code/D_Cpin1.o
                0x00003788                D_Cpin1_Init
 .text.D_Cpin1_ClrVal
                0x00003830       0x20 ./Generated_Code/D_Cpin1.o
                0x00003830                D_Cpin1_ClrVal
 .text.D_Cpin1_SetVal
                0x00003850       0x20 ./Generated_Code/D_Cpin1.o
                0x00003850                D_Cpin1_SetVal
 .text.ExtIntLdd3_OnInterrupt
                0x00003870       0x14 ./Generated_Code/ENC_PB.o
                0x00003870                ExtIntLdd3_OnInterrupt
 .text.ExtIntLdd1_OnInterrupt
                0x00003884       0x14 ./Generated_Code/ENC_SW_1.o
                0x00003884                ExtIntLdd1_OnInterrupt
 .text.ExtIntLdd2_OnInterrupt
                0x00003898       0x14 ./Generated_Code/ENC_SW_2.o
                0x00003898                ExtIntLdd2_OnInterrupt
 .text.ExtIntLdd1_Init
                0x000038ac       0xcc ./Generated_Code/ExtIntLdd1.o
                0x000038ac                ExtIntLdd1_Init
 .text.ExtIntLdd1_Interrupt
                0x00003978       0x4c ./Generated_Code/ExtIntLdd1.o
                0x00003978                ExtIntLdd1_Interrupt
 .text.ExtIntLdd1_GetVal
                0x000039c4       0x2c ./Generated_Code/ExtIntLdd1.o
                0x000039c4                ExtIntLdd1_GetVal
 .text.ExtIntLdd2_Init
                0x000039f0       0xcc ./Generated_Code/ExtIntLdd2.o
                0x000039f0                ExtIntLdd2_Init
 .text.ExtIntLdd2_Interrupt
                0x00003abc       0x4c ./Generated_Code/ExtIntLdd2.o
                0x00003abc                ExtIntLdd2_Interrupt
 .text.ExtIntLdd2_GetVal
                0x00003b08       0x2c ./Generated_Code/ExtIntLdd2.o
                0x00003b08                ExtIntLdd2_GetVal
 .text.ExtIntLdd3_Init
                0x00003b34       0xc8 ./Generated_Code/ExtIntLdd3.o
                0x00003b34                ExtIntLdd3_Init
 .text.ExtIntLdd3_Interrupt
                0x00003bfc       0x48 ./Generated_Code/ExtIntLdd3.o
                0x00003bfc                ExtIntLdd3_Interrupt
 .text.ExtIntLdd3_GetVal
                0x00003c44       0x2c ./Generated_Code/ExtIntLdd3.o
                0x00003c44                ExtIntLdd3_GetVal
 .text.disk_initialize
                0x00003c70       0x28 ./Generated_Code/FAT1.o
                0x00003c70                disk_initialize
 .text.disk_status
                0x00003c98       0x28 ./Generated_Code/FAT1.o
                0x00003c98                disk_status
 .text.disk_read
                0x00003cc0       0x34 ./Generated_Code/FAT1.o
                0x00003cc0                disk_read
 .text.disk_write
                0x00003cf4       0x34 ./Generated_Code/FAT1.o
                0x00003cf4                disk_write
 .text.disk_ioctl
                0x00003d28       0x34 ./Generated_Code/FAT1.o
                0x00003d28                disk_ioctl
 .text.FAT1_Init
                0x00003d5c       0x24 ./Generated_Code/FAT1.o
                0x00003d5c                FAT1_Init
 .text.FAT1_get_fattime
                0x00003d80       0x60 ./Generated_Code/FAT1.o
                0x00003d80                FAT1_get_fattime
 .text.FX1_MeasureGetRawX
                0x00003de0       0x3c ./Generated_Code/FX1.o
                0x00003de0                FX1_MeasureGetRawX
 .text.FX1_MeasureGetRawY
                0x00003e1c       0x3c ./Generated_Code/FX1.o
                0x00003e1c                FX1_MeasureGetRawY
 .text.FX1_MeasureGetRawZ
                0x00003e58       0x3c ./Generated_Code/FX1.o
                0x00003e58                FX1_MeasureGetRawZ
 .text.FX1_GetX
                0x00003e94       0x34 ./Generated_Code/FX1.o
                0x00003e94                FX1_GetX
 .text.FX1_GetY
                0x00003ec8       0x34 ./Generated_Code/FX1.o
                0x00003ec8                FX1_GetY
 .text.FX1_GetZ
                0x00003efc       0x34 ./Generated_Code/FX1.o
                0x00003efc                FX1_GetZ
 .text.FX1_Enable
                0x00003f30       0x54 ./Generated_Code/FX1.o
                0x00003f30                FX1_Enable
 .text.GI2C1_SelectSlave
                0x00003f84       0x38 ./Generated_Code/GI2C1.o
                0x00003f84                GI2C1_SelectSlave
 .text.GI2C1_UnselectSlave
                0x00003fbc       0x10 ./Generated_Code/GI2C1.o
                0x00003fbc                GI2C1_UnselectSlave
 .text.GI2C1_ReadAddress
                0x00003fcc       0xc4 ./Generated_Code/GI2C1.o
                0x00003fcc                GI2C1_ReadAddress
 .text.GI2C1_WriteAddress
                0x00004090       0xfc ./Generated_Code/GI2C1.o
                0x00004090                GI2C1_WriteAddress
 .text.GI2C1_Init
                0x0000418c       0x30 ./Generated_Code/GI2C1.o
                0x0000418c                GI2C1_Init
 .text.GI2C1_ReadByteAddress8
                0x000041bc       0x30 ./Generated_Code/GI2C1.o
                0x000041bc                GI2C1_ReadByteAddress8
 .text.GI2C1_WriteByteAddress8
                0x000041ec       0x30 ./Generated_Code/GI2C1.o
                0x000041ec                GI2C1_WriteByteAddress8
 .text.WriteCmd
                0x0000421c       0x9c ./Generated_Code/PDC1.o
                0x0000421c                WriteCmd
 .text.WriteData
                0x000042b8       0x9c ./Generated_Code/PDC1.o
                0x000042b8                WriteData
 .text.PDC1_SetPos
                0x00004354       0x3c ./Generated_Code/PDC1.o
                0x00004354                PDC1_SetPos
 .text.PDC1_Clear
                0x00004390       0x30 ./Generated_Code/PDC1.o
                0x00004390                PDC1_Clear
 .text.PDC1_ClearLine
                0x000043c0       0x3c ./Generated_Code/PDC1.o
                0x000043c0                PDC1_ClearLine
 .text.PDC1_Init
                0x000043fc       0xe8 ./Generated_Code/PDC1.o
                0x000043fc                PDC1_Init
 .text.PDC1_WriteChar
                0x000044e4       0x80 ./Generated_Code/PDC1.o
                0x000044e4                PDC1_WriteChar
 .text.PDC1_WriteString
                0x00004564       0x28 ./Generated_Code/PDC1.o
                0x00004564                PDC1_WriteString
 .text.PDC1_SetContrast
                0x0000458c       0x34 ./Generated_Code/PDC1.o
                0x0000458c                PDC1_SetContrast
 .text.SM1_OnBlockReceived
                0x000045c0       0x20 ./Generated_Code/PDC1.o
                0x000045c0                SM1_OnBlockReceived
 .text.PDC1_Splash
                0x000045e0       0x94 ./Generated_Code/PDC1.o
                0x000045e0                PDC1_Splash
 .text.PDC1_image
                0x00004674       0x88 ./Generated_Code/PDC1.o
                0x00004674                PDC1_image
 .text.PDC1_weather_image
                0x000046fc      0x224 ./Generated_Code/PDC1.o
                0x000046fc                PDC1_weather_image
 .text.DoubleNibble
                0x00004920       0xa0 ./Generated_Code/PDC1.o
                0x00004920                DoubleNibble
 .text.PDC1_MakeCharBigger
                0x000049c0      0x130 ./Generated_Code/PDC1.o
                0x000049c0                PDC1_MakeCharBigger
 .text.PDC1_WriteCharBigger
                0x00004af0       0xd8 ./Generated_Code/PDC1.o
                0x00004af0                PDC1_WriteCharBigger
 .text.PDC1_WriteStringBigger
                0x00004bc8       0x38 ./Generated_Code/PDC1.o
                0x00004bc8                PDC1_WriteStringBigger
 .text.RESpin1_Init
                0x00004c00       0xa8 ./Generated_Code/RESpin1.o
                0x00004c00                RESpin1_Init
 .text.RESpin1_ClrVal
                0x00004ca8       0x20 ./Generated_Code/RESpin1.o
                0x00004ca8                RESpin1_ClrVal
 .text.RESpin1_SetVal
                0x00004cc8       0x20 ./Generated_Code/RESpin1.o
                0x00004cc8                RESpin1_SetVal
 .text.SCEpin1_Init
                0x00004ce8       0xa8 ./Generated_Code/SCEpin1.o
                0x00004ce8                SCEpin1_Init
 .text.SCEpin1_ClrVal
                0x00004d90       0x20 ./Generated_Code/SCEpin1.o
                0x00004d90                SCEpin1_ClrVal
 .text.SCEpin1_SetVal
                0x00004db0       0x20 ./Generated_Code/SCEpin1.o
                0x00004db0                SCEpin1_SetVal
 .text.SD1_disk_initialize
                0x00004dd0      0x170 ./Generated_Code/SD1.o
                0x00004dd0                SD1_disk_initialize
 .text.SD1_disk_status
                0x00004f40       0x24 ./Generated_Code/SD1.o
                0x00004f40                SD1_disk_status
 .text.SD1_disk_read
                0x00004f64       0xc4 ./Generated_Code/SD1.o
                0x00004f64                SD1_disk_read
 .text.SD1_disk_write
                0x00005028      0x108 ./Generated_Code/SD1.o
                0x00005028                SD1_disk_write
 .text.chk_power
                0x00005130       0x10 ./Generated_Code/SD1.o
 .text.power_off
                0x00005140        0xc ./Generated_Code/SD1.o
 .text.power_on
                0x0000514c        0xc ./Generated_Code/SD1.o
 .text.SD1_disk_ioctl
                0x00005158      0x400 ./Generated_Code/SD1.o
                0x00005158                SD1_disk_ioctl
 .text.SD1_SPI_WRITE
                0x00005558       0x5c ./Generated_Code/SD1.o
                0x00005558                SD1_SPI_WRITE
 .text.SD1_SPI_WRITE_READ
                0x000055b4       0x5c ./Generated_Code/SD1.o
 .text.SD1_Activate
                0x00005610       0x1c ./Generated_Code/SD1.o
                0x00005610                SD1_Activate
 .text.SD1_Deactivate
                0x0000562c       0x18 ./Generated_Code/SD1.o
                0x0000562c                SD1_Deactivate
 .text.SD1_WaitReady
                0x00005644       0x60 ./Generated_Code/SD1.o
                0x00005644                SD1_WaitReady
 .text.SD1_ReceiveDataBlock
                0x000056a4       0xb8 ./Generated_Code/SD1.o
                0x000056a4                SD1_ReceiveDataBlock
 .text.SD1_SendDataBlock
                0x0000575c       0x8c ./Generated_Code/SD1.o
                0x0000575c                SD1_SendDataBlock
 .text.SD1_SendCmd
                0x000057e8      0x100 ./Generated_Code/SD1.o
                0x000057e8                SD1_SendCmd
 .text.SendCommand
                0x000058e8       0x88 ./Generated_Code/SD1.o
 .text.SD1_Init
                0x00005970       0xcc ./Generated_Code/SD1.o
                0x00005970                SD1_Init
 .text.SD1_ReceiveByte
                0x00005a3c       0x24 ./Generated_Code/SD1.o
                0x00005a3c                SD1_ReceiveByte
 .text.SD1_SetSlowMode
                0x00005a60       0x48 ./Generated_Code/SD1.o
                0x00005a60                SD1_SetSlowMode
 .text.SD1_SetFastMode
                0x00005aa8       0x48 ./Generated_Code/SD1.o
                0x00005aa8                SD1_SetFastMode
 .text.SD1_InitCommChannel
                0x00005af0       0x20 ./Generated_Code/SD1.o
                0x00005af0                SD1_InitCommChannel
 .text.SM1_Init
                0x00005b10      0x188 ./Generated_Code/SM1.o
                0x00005b10                SM1_Init
 .text.SM1_ReceiveBlock
                0x00005c98       0xa0 ./Generated_Code/SM1.o
                0x00005c98                SM1_ReceiveBlock
 .text.SM1_SendBlock
                0x00005d38       0xb8 ./Generated_Code/SM1.o
                0x00005d38                SM1_SendBlock
 .text.SM1_Interrupt
                0x00005df0      0x13c ./Generated_Code/SM1.o
                0x00005df0                SM1_Interrupt
 .text.SM2_Init
                0x00005f2c      0x1a8 ./Generated_Code/SM2.o
                0x00005f2c                SM2_Init
 .text.SM2_ReceiveBlock
                0x000060d4       0xa0 ./Generated_Code/SM2.o
                0x000060d4                SM2_ReceiveBlock
 .text.SM2_SendBlock
                0x00006174       0xb8 ./Generated_Code/SM2.o
                0x00006174                SM2_SendBlock
 .text.SM2_SelectConfiguration
                0x0000622c       0xac ./Generated_Code/SM2.o
                0x0000622c                SM2_SelectConfiguration
 .text.SS1_Init
                0x000062d8       0xa8 ./Generated_Code/SS1.o
                0x000062d8                SS1_Init
 .text.SS1_ClrVal
                0x00006380       0x20 ./Generated_Code/SS1.o
                0x00006380                SS1_ClrVal
 .text.SS1_SetVal
                0x000063a0       0x20 ./Generated_Code/SS1.o
                0x000063a0                SS1_SetVal
 .text.TimerIntLdd1_OnInterrupt
                0x000063c0       0x14 ./Generated_Code/TI1_SW.o
                0x000063c0                TimerIntLdd1_OnInterrupt
 .text.TMOUT1_GetCounter
                0x000063d4       0x84 ./Generated_Code/TMOUT1.o
                0x000063d4                TMOUT1_GetCounter
 .text.TMOUT1_LeaveCounter
                0x00006458       0x48 ./Generated_Code/TMOUT1.o
                0x00006458                TMOUT1_LeaveCounter
 .text.TMOUT1_CounterExpired
                0x000064a0       0x4c ./Generated_Code/TMOUT1.o
                0x000064a0                TMOUT1_CounterExpired
 .text.TMOUT1_Init
                0x000064ec       0x40 ./Generated_Code/TMOUT1.o
                0x000064ec                TMOUT1_Init
 .text.TU1_Init
                0x0000652c      0x178 ./Generated_Code/TU1.o
                0x0000652c                TU1_Init
 .text.TU1_Interrupt
                0x000066a4       0x7c ./Generated_Code/TU1.o
                0x000066a4                TU1_Interrupt
 .text.TU2_Init
                0x00006720      0x128 ./Generated_Code/TU2.o
                0x00006720                TU2_Init
 .text.TimerIntLdd1_Init
                0x00006848       0x58 ./Generated_Code/TimerIntLdd1.o
                0x00006848                TimerIntLdd1_Init
 .text.TU1_OnCounterRestart
                0x000068a0       0x24 ./Generated_Code/TimerIntLdd1.o
                0x000068a0                TU1_OnCounterRestart
 .text.TimerIntLdd2_Init
                0x000068c4       0x58 ./Generated_Code/TimerIntLdd2.o
                0x000068c4                TimerIntLdd2_Init
 .text.TmDt1_SetTime
                0x0000691c       0x78 ./Generated_Code/TmDt1.o
                0x0000691c                TmDt1_SetTime
 .text.TmDt1_GetTime
                0x00006994       0xec ./Generated_Code/TmDt1.o
                0x00006994                TmDt1_GetTime
 .text.TmDt1_SetDate
                0x00006a80       0xb4 ./Generated_Code/TmDt1.o
                0x00006a80                TmDt1_SetDate
 .text.TmDt1_GetDate
                0x00006b34       0x50 ./Generated_Code/TmDt1.o
                0x00006b34                TmDt1_GetDate
 .text.TmDt1_Init
                0x00006b84       0x20 ./Generated_Code/TmDt1.o
                0x00006b84                TmDt1_Init
 .text.UTIL1_strcpy
                0x00006ba4       0x48 ./Generated_Code/UTIL1.o
                0x00006ba4                UTIL1_strcpy
 .text.UTIL1_strcat
                0x00006bec       0x64 ./Generated_Code/UTIL1.o
                0x00006bec                UTIL1_strcat
 .text.UTIL1_chcat
                0x00006c50       0x50 ./Generated_Code/UTIL1.o
                0x00006c50                UTIL1_chcat
 .text.UTIL1_Num8uToStr
                0x00006ca0       0x24 ./Generated_Code/UTIL1.o
                0x00006ca0                UTIL1_Num8uToStr
 .text.UTIL1_Num16uToStr
                0x00006cc4       0xf0 ./Generated_Code/UTIL1.o
                0x00006cc4                UTIL1_Num16uToStr
 .text.UTIL1_Num16sToStr
                0x00006db4      0x14c ./Generated_Code/UTIL1.o
                0x00006db4                UTIL1_Num16sToStr
 .text.UTIL1_strcatNum8u
                0x00006f00       0x34 ./Generated_Code/UTIL1.o
                0x00006f00                UTIL1_strcatNum8u
 .text.UTIL1_strcatNum16s
                0x00006f34       0x34 ./Generated_Code/UTIL1.o
                0x00006f34                UTIL1_strcatNum16s
 .text.WAIT1_Wait10Cycles
                0x00006f68        0x8 ./Generated_Code/WAIT1.o
                0x00006f68                WAIT1_Wait10Cycles
 .text.WAIT1_Wait100Cycles
                0x00006f70       0x1c ./Generated_Code/WAIT1.o
                0x00006f70                WAIT1_Wait100Cycles
 .text.WAIT1_WaitCycles
                0x00006f8c       0x34 ./Generated_Code/WAIT1.o
                0x00006f8c                WAIT1_WaitCycles
 .text.WAIT1_WaitLongCycles
                0x00006fc0       0x38 ./Generated_Code/WAIT1.o
                0x00006fc0                WAIT1_WaitLongCycles
 .text.WAIT1_Waitms
                0x00006ff8       0x2c ./Generated_Code/WAIT1.o
                0x00006ff8                WAIT1_Waitms
 .text.mem_cpy  0x00007024       0x3c ./Generated_Code/ff.o
 .text.mem_set  0x00007060       0x34 ./Generated_Code/ff.o
 .text.mem_cmp  0x00007094       0x50 ./Generated_Code/ff.o
 .text.chk_chr  0x000070e4       0x38 ./Generated_Code/ff.o
 .text.sync_window
                0x0000711c       0x8c ./Generated_Code/ff.o
 .text.move_window
                0x000071a8       0x5c ./Generated_Code/ff.o
 .text.sync_fs  0x00007204      0x14c ./Generated_Code/ff.o
 .text.clust2sect
                0x00007350       0x3c ./Generated_Code/ff.o
                0x00007350                clust2sect
 .text.get_fat  0x0000738c      0x168 ./Generated_Code/ff.o
                0x0000738c                get_fat
 .text.put_fat  0x000074f4      0x208 ./Generated_Code/ff.o
                0x000074f4                put_fat
 .text.remove_chain
                0x000076fc       0xa4 ./Generated_Code/ff.o
 .text.create_chain
                0x000077a0      0x12c ./Generated_Code/ff.o
 .text.clmt_clust
                0x000078cc       0x68 ./Generated_Code/ff.o
 .text.dir_sdi  0x00007934      0x100 ./Generated_Code/ff.o
 .text.dir_next
                0x00007a34      0x1a8 ./Generated_Code/ff.o
 .text.dir_alloc
                0x00007bdc       0x8c ./Generated_Code/ff.o
 .text.ld_clust
                0x00007c68       0x58 ./Generated_Code/ff.o
 .text.st_clust
                0x00007cc0       0x4c ./Generated_Code/ff.o
 .text.dir_find
                0x00007d0c       0x94 ./Generated_Code/ff.o
 .text.dir_register
                0x00007da0       0x68 ./Generated_Code/ff.o
 .text.create_name
                0x00007e08      0x1fc ./Generated_Code/ff.o
 .text.follow_path
                0x00008004      0x108 ./Generated_Code/ff.o
 .text.get_ldnumber
                0x0000810c       0x90 ./Generated_Code/ff.o
 .text.check_fs
                0x0000819c       0xcc ./Generated_Code/ff.o
 .text.find_volume
                0x00008268      0x574 ./Generated_Code/ff.o
 .text.validate
                0x000087dc       0x5c ./Generated_Code/ff.o
 .text.f_mount  0x00008838       0x90 ./Generated_Code/ff.o
                0x00008838                f_mount
 .text.f_open   0x000088c8      0x28c ./Generated_Code/ff.o
                0x000088c8                f_open
 .text.f_write  0x00008b54      0x2f8 ./Generated_Code/ff.o
                0x00008b54                f_write
 .text.f_sync   0x00008e4c      0x158 ./Generated_Code/ff.o
                0x00008e4c                f_sync
 .text.f_close  0x00008fa4       0x38 ./Generated_Code/ff.o
                0x00008fa4                f_close
 .text.f_lseek  0x00008fdc      0x434 ./Generated_Code/ff.o
                0x00008fdc                f_lseek
 .text.floorf   0x00009410       0x84 c:/freescale/kds_2.0.0/toolchain/bin/../lib/gcc/arm-none-eabi/4.8.0/../../../../arm-none-eabi/lib/m4/fp/v4-sp-d16\libm.a(lib_a-sf_floor.o)
                0x00009410                floorf
 .text.memcpy   0x00009494       0x12 c:/freescale/kds_2.0.0/toolchain/bin/../lib/gcc/arm-none-eabi/4.8.0/../../../../arm-none-eabi/lib/m4/fp/v4-sp-d16\libg_s.a(lib_a-memcpy.o)
                0x00009494                memcpy
 *fill*         0x000094a6        0x2 
 .text.sprintf  0x000094a8       0x48 c:/freescale/kds_2.0.0/toolchain/bin/../lib/gcc/arm-none-eabi/4.8.0/../../../../arm-none-eabi/lib/m4/fp/v4-sp-d16\libg_s.a(lib_a-sprintf.o)
                0x000094a8                siprintf
                0x000094a8                sprintf
 .text.strlen   0x000094f0       0x10 c:/freescale/kds_2.0.0/toolchain/bin/../lib/gcc/arm-none-eabi/4.8.0/../../../../arm-none-eabi/lib/m4/fp/v4-sp-d16\libg_s.a(lib_a-strlen.o)
                0x000094f0                strlen
 .text.__ssputc_r
                0x00009500       0xac c:/freescale/kds_2.0.0/toolchain/bin/../lib/gcc/arm-none-eabi/4.8.0/../../../../arm-none-eabi/lib/m4/fp/v4-sp-d16\libg_s.a(lib_a-svfprintf.o)
                0x00009500                __ssputc_r
 .text._svfprintf_r
                0x000095ac      0x1f0 c:/freescale/kds_2.0.0/toolchain/bin/../lib/gcc/arm-none-eabi/4.8.0/../../../../arm-none-eabi/lib/m4/fp/v4-sp-d16\libg_s.a(lib_a-svfprintf.o)
                0x000095ac                _svfiprintf_r
                0x000095ac                _svfprintf_r
 .text._sbrk    0x0000979c       0x38 c:/freescale/kds_2.0.0/toolchain/bin/../lib/gcc/arm-none-eabi/4.8.0/../../../../arm-none-eabi/lib/m4/fp/v4-sp-d16\libg_s.a(lib_a-syscalls.o)
                0x0000979c                _sbrk
 .text._printf_common
                0x000097d4       0xe2 c:/freescale/kds_2.0.0/toolchain/bin/../lib/gcc/arm-none-eabi/4.8.0/../../../../arm-none-eabi/lib/m4/fp/v4-sp-d16\libg_s.a(lib_a-vfprintf_i.o)
                0x000097d4                _printf_common
 *fill*         0x000098b6        0x2 
 .text._printf_i
                0x000098b8      0x22c c:/freescale/kds_2.0.0/toolchain/bin/../lib/gcc/arm-none-eabi/4.8.0/../../../../arm-none-eabi/lib/m4/fp/v4-sp-d16\libg_s.a(lib_a-vfprintf_i.o)
                0x000098b8                _printf_i
 .text.__errno  0x00009ae4        0xc c:/freescale/kds_2.0.0/toolchain/bin/../lib/gcc/arm-none-eabi/4.8.0/../../../../arm-none-eabi/lib/m4/fp/v4-sp-d16\libg_s.a(lib_a-errno.o)
                0x00009ae4                __errno
 .text._free_r  0x00009af0       0x88 c:/freescale/kds_2.0.0/toolchain/bin/../lib/gcc/arm-none-eabi/4.8.0/../../../../arm-none-eabi/lib/m4/fp/v4-sp-d16\libg_s.a(lib_a-freer.o)
                0x00009af0                _free_r
 .text._malloc_r
                0x00009b78       0x98 c:/freescale/kds_2.0.0/toolchain/bin/../lib/gcc/arm-none-eabi/4.8.0/../../../../arm-none-eabi/lib/m4/fp/v4-sp-d16\libg_s.a(lib_a-mallocr.o)
                0x00009b78                _malloc_r
 .text.memchr   0x00009c10       0x1e c:/freescale/kds_2.0.0/toolchain/bin/../lib/gcc/arm-none-eabi/4.8.0/../../../../arm-none-eabi/lib/m4/fp/v4-sp-d16\libg_s.a(lib_a-memchr.o)
                0x00009c10                memchr
 .text._realloc_r
                0x00009c2e       0x4c c:/freescale/kds_2.0.0/toolchain/bin/../lib/gcc/arm-none-eabi/4.8.0/../../../../arm-none-eabi/lib/m4/fp/v4-sp-d16\libg_s.a(lib_a-reallocr.o)
                0x00009c2e                _realloc_r
 *fill*         0x00009c7a        0x2 
 .text._sbrk_r  0x00009c7c       0x20 c:/freescale/kds_2.0.0/toolchain/bin/../lib/gcc/arm-none-eabi/4.8.0/../../../../arm-none-eabi/lib/m4/fp/v4-sp-d16\libg_s.a(lib_a-sbrkr.o)
                0x00009c7c                _sbrk_r
 .text._malloc_usable_size_r
                0x00009c9c       0x12 c:/freescale/kds_2.0.0/toolchain/bin/../lib/gcc/arm-none-eabi/4.8.0/../../../../arm-none-eabi/lib/m4/fp/v4-sp-d16\libg_s.a(lib_a-msizer.o)
                0x00009c9c                _malloc_usable_size_r
 *(.rodata)
 *fill*         0x00009cae        0x2 
 .rodata        0x00009cb0       0x14 ./Sources/Application.o
 .rodata        0x00009cc4       0x50 ./Sources/main.o
 .rodata        0x00009d14      0x2e0 ./Generated_Code/PDC1.o
 .rodata        0x00009ff4       0x18 ./Generated_Code/UTIL1.o
 .rodata        0x0000a00c       0x44 ./Generated_Code/ff.o
 *(.rodata*)
 .rodata.ClockGenModeMatrix
                0x0000a050       0x80 ./Static_Code/System/CPU_Init.o
 .rodata.CPU_ClockConfigDescriptors
                0x0000a0d0       0x1c ./Static_Code/System/CPU_Init.o
 .rodata.CPU_DefaultFEI
                0x0000a0ec        0x8 ./Static_Code/System/CPU_Init.o
 .rodata.CPU_DefaultFBI
                0x0000a0f4        0x8 ./Static_Code/System/CPU_Init.o
 .rodata.CPU_DefaultBLPI
                0x0000a0fc        0x8 ./Static_Code/System/CPU_Init.o
 .rodata.CPU_DefaultFEE
                0x0000a104        0x8 ./Static_Code/System/CPU_Init.o
 .rodata.CPU_DefaultFBE
                0x0000a10c        0x8 ./Static_Code/System/CPU_Init.o
 .rodata.CPU_DefaultBLPE
                0x0000a114        0x8 ./Static_Code/System/CPU_Init.o
 .rodata.CPU_DefaultPBE
                0x0000a11c        0x8 ./Static_Code/System/CPU_Init.o
 .rodata.CPU_DefaultPEE
                0x0000a124        0x8 ./Static_Code/System/CPU_Init.o
 .rodata.CPU_ClockGenModeRegs
                0x0000a12c       0x20 ./Static_Code/System/CPU_Init.o
 .rodata.Table  0x0000a14c        0x4 ./Generated_Code/AD1.o
 .rodata.ChannelToPin
                0x0000a150        0x4 ./Generated_Code/AdcLdd1.o
 .rodata.addr.6466
                0x0000a154        0x1 ./Generated_Code/FX1.o
 .rodata.addr.6474
                0x0000a155        0x1 ./Generated_Code/FX1.o
 .rodata.addr.6482
                0x0000a156        0x1 ./Generated_Code/FX1.o
 *fill*         0x0000a157        0x1 
 .rodata.table  0x0000a158      0x1e0 ./Generated_Code/PDC1.o
 .rodata.ConfigurationSet
                0x0000a338        0x8 ./Generated_Code/SM2.o
 .rodata.TxCommandList
                0x0000a340        0x8 ./Generated_Code/SM2.o
 .rodata.ULY    0x0000a348        0xc ./Generated_Code/TmDt1.o
 .rodata.LY     0x0000a354        0xc ./Generated_Code/TmDt1.o
 .rodata.ExCvt  0x0000a360       0x80 ./Generated_Code/ff.o
 .rodata.str1.1
                0x0000a3e0        0x2 c:/freescale/kds_2.0.0/toolchain/bin/../lib/gcc/arm-none-eabi/4.8.0/../../../../arm-none-eabi/lib/m4/fp/v4-sp-d16\libg_s.a(lib_a-impure.o)
 .rodata.str1.1
                0x0000a3e2       0x11 c:/freescale/kds_2.0.0/toolchain/bin/../lib/gcc/arm-none-eabi/4.8.0/../../../../arm-none-eabi/lib/m4/fp/v4-sp-d16\libg_s.a(lib_a-svfprintf.o)
 .rodata.str1.1
                0x0000a3f3       0x22 c:/freescale/kds_2.0.0/toolchain/bin/../lib/gcc/arm-none-eabi/4.8.0/../../../../arm-none-eabi/lib/m4/fp/v4-sp-d16\libg_s.a(lib_a-vfprintf_i.o)
 *(.glue_7)
 .glue_7        0x00000000        0x0 linker stubs
 *(.glue_7t)
 .glue_7t       0x00000000        0x0 linker stubs
 *(.eh_frame)
 *fill*         0x0000a415        0x3 
 .eh_frame      0x0000a418        0x0 c:/freescale/kds_2.0.0/toolchain/bin/../lib/gcc/arm-none-eabi/4.8.0/m4/fp/v4-sp-d16/crtbegin.o
 *(.init)
 .init          0x0000a418        0x4 c:/freescale/kds_2.0.0/toolchain/bin/../lib/gcc/arm-none-eabi/4.8.0/m4/fp/v4-sp-d16/crti.o
                0x0000a418                _init
 .init          0x0000a41c        0x8 c:/freescale/kds_2.0.0/toolchain/bin/../lib/gcc/arm-none-eabi/4.8.0/m4/fp/v4-sp-d16/crtn.o
 *(.fini)
 .fini          0x0000a424        0x4 c:/freescale/kds_2.0.0/toolchain/bin/../lib/gcc/arm-none-eabi/4.8.0/m4/fp/v4-sp-d16/crti.o
                0x0000a424                _fini
 .fini          0x0000a428        0x8 c:/freescale/kds_2.0.0/toolchain/bin/../lib/gcc/arm-none-eabi/4.8.0/m4/fp/v4-sp-d16/crtn.o
                0x0000a430                . = ALIGN (0x4)
                0x0000a430                _etext = .

.vfp11_veneer   0x0000a430        0x0
 .vfp11_veneer  0x00000000        0x0 linker stubs

.v4_bx          0x0000a430        0x0
 .v4_bx         0x00000000        0x0 linker stubs

.iplt           0x0000a430        0x0
 .iplt          0x00000000        0x0 c:/freescale/kds_2.0.0/toolchain/bin/../lib/gcc/arm-none-eabi/4.8.0/m4/fp/v4-sp-d16/crtbegin.o

.rel.dyn        0x0000a430        0x0
 .rel.iplt      0x00000000        0x0 c:/freescale/kds_2.0.0/toolchain/bin/../lib/gcc/arm-none-eabi/4.8.0/m4/fp/v4-sp-d16/crtbegin.o

.ARM.extab
 *(.ARM.extab* .gnu.linkonce.armextab.*)

.ARM            0x0000a430        0x0
                0x0000a430                __exidx_start = .
 *(.ARM.exidx*)
                0x0000a430                __exidx_end = .

.ctors          0x0000a430        0x0
                0x0000a430                __CTOR_LIST__ = .
 *crtbegin.o(.ctors)
 *(EXCLUDE_FILE(*crtend.o) .ctors)
 *(SORT(.ctors.*))
 *(.ctors)
                0x0000a430                __CTOR_END__ = .

.dtors          0x0000a430        0x0
                0x0000a430                __DTOR_LIST__ = .
 *crtbegin.o(.dtors)
 *(EXCLUDE_FILE(*crtend.o) .dtors)
 *(SORT(.dtors.*))
 *(.dtors)
                0x0000a430                __DTOR_END__ = .

.preinit_array  0x0000a430        0x0
                0x0000a430                PROVIDE (__preinit_array_start, .)
 *(.preinit_array*)
                0x0000a430                PROVIDE (__preinit_array_end, .)

.init_array     0x0000a430        0x4
                0x0000a430                PROVIDE (__init_array_start, .)
 *(SORT(.init_array.*))
 *(.init_array*)
 .init_array    0x0000a430        0x4 c:/freescale/kds_2.0.0/toolchain/bin/../lib/gcc/arm-none-eabi/4.8.0/m4/fp/v4-sp-d16/crtbegin.o
                0x0000a434                PROVIDE (__init_array_end, .)

.fini_array     0x0000a434        0x4
                0x0000a434                PROVIDE (__fini_array_start, .)
 *(SORT(.fini_array.*))
 *(.fini_array*)
 .fini_array    0x0000a434        0x4 c:/freescale/kds_2.0.0/toolchain/bin/../lib/gcc/arm-none-eabi/4.8.0/m4/fp/v4-sp-d16/crtbegin.o
                0x0000a438                PROVIDE (__fini_array_end, .)
                0x0000a438                ___ROM_AT = .

.data           0x20000000      0x2b4 load address 0x0000a438
                0x20000000                . = ALIGN (0x4)
                0x20000000                _sdata = .
 *(.data)
 *(.data*)
 .data.pb       0x20000000        0x4 ./Sources/Events.o
                0x20000000                pb
 .data.conv_type
                0x20000004        0x4 ./Sources/main.o
                0x20000004                conv_type
 .data.lux_flag
                0x20000008        0x4 ./Sources/main.o
                0x20000008                lux_flag
 .data.mode     0x2000000c        0x4 ./Sources/main.o
                0x2000000c                mode
 .data.Stat     0x20000010        0x1 ./Generated_Code/SD1.o
 .data.CardType
                0x20000011        0x1 ./Generated_Code/SD1.o
 *fill*         0x20000012        0x6 
 .data.impure_data
                0x20000018      0x298 c:/freescale/kds_2.0.0/toolchain/bin/../lib/gcc/arm-none-eabi/4.8.0/../../../../arm-none-eabi/lib/m4/fp/v4-sp-d16\libg_s.a(lib_a-impure.o)
 .data._impure_ptr
                0x200002b0        0x4 c:/freescale/kds_2.0.0/toolchain/bin/../lib/gcc/arm-none-eabi/4.8.0/../../../../arm-none-eabi/lib/m4/fp/v4-sp-d16\libg_s.a(lib_a-impure.o)
                0x200002b0                _impure_ptr
                0x200002b4                . = ALIGN (0x4)
                0x200002b4                _edata = .
                0x000002b4                ___data_size = (_edata - _sdata)
                0x0000a6ec                ___m_data_1FFF0000_ROMStart = (___ROM_AT + SIZEOF (.data))

.jcr            0x200002b4        0x0 load address 0x0000a6ec
 .jcr           0x200002b4        0x0 c:/freescale/kds_2.0.0/toolchain/bin/../lib/gcc/arm-none-eabi/4.8.0/m4/fp/v4-sp-d16/crtbegin.o

.tm_clone_table
                0x200002b4        0x0 load address 0x0000a6ec
 .tm_clone_table
                0x200002b4        0x0 c:/freescale/kds_2.0.0/toolchain/bin/../lib/gcc/arm-none-eabi/4.8.0/m4/fp/v4-sp-d16/crtbegin.o
 .tm_clone_table
                0x200002b4        0x0 c:/freescale/kds_2.0.0/toolchain/bin/../lib/gcc/arm-none-eabi/4.8.0/m4/fp/v4-sp-d16/crtend.o

.igot.plt       0x200002b4        0x0 load address 0x0000a6ec
 .igot.plt      0x00000000        0x0 c:/freescale/kds_2.0.0/toolchain/bin/../lib/gcc/arm-none-eabi/4.8.0/m4/fp/v4-sp-d16/crtbegin.o

.m_data_1FFF0000
                0x1fff0000        0x0 load address 0x0000a6ec
                0x1fff0000                . = ALIGN (0x4)
                0x1fff0000                ___m_data_1FFF0000_RAMStart = .
 *(.m_data_1FFF0000)
                0x1fff0000                ___m_data_1FFF0000_RAMEnd = .
                0x1fff0000                . = ALIGN (0x4)
                0x00000000                ___m_data_1FFF0000_ROMSize = (___m_data_1FFF0000_RAMEnd - ___m_data_1FFF0000_RAMStart)
                0x1fff0000                . = ALIGN (0x4)

.bss            0x200002b4      0x798 load address 0x0000a6ec
                0x200002b4                __START_BSS = .
                0x200002b4                PROVIDE (__bss_start__, __START_BSS)
 *(.bss)
 *(.bss*)
 .bss.completed.6137
                0x200002b4        0x1 c:/freescale/kds_2.0.0/toolchain/bin/../lib/gcc/arm-none-eabi/4.8.0/m4/fp/v4-sp-d16/crtbegin.o
 *fill*         0x200002b5        0x3 
 .bss.object.6142
                0x200002b8       0x18 c:/freescale/kds_2.0.0/toolchain/bin/../lib/gcc/arm-none-eabi/4.8.0/m4/fp/v4-sp-d16/crtbegin.o
 .bss.SR_lock   0x200002d0        0x1 ./Static_Code/System/CPU_Init.o
                0x200002d0                SR_lock
 *fill*         0x200002d1        0x3 
 .bss.fileSystemObject
                0x200002d4      0x234 ./Sources/Application.o
 .bss.fp        0x20000508      0x228 ./Sources/Application.o
 .bss.old_enc   0x20000730        0x4 ./Sources/Events.o
                0x20000730                old_enc
 .bss.t1        0x20000734        0x1 ./Sources/Events.o
 .bss.t2        0x20000735        0x1 ./Sources/Events.o
 *fill*         0x20000736        0x2 
 .bss.enc       0x20000738        0x4 ./Sources/Events.o
 .bss.counter   0x2000073c        0x4 ./Sources/Events.o
                0x2000073c                counter
 .bss.enc_write_flag
                0x20000740        0x4 ./Sources/Events.o
                0x20000740                enc_write_flag
 .bss.count     0x20000744        0x4 ./Sources/main.o
                0x20000744                count
 .bss.enc_pb_flag
                0x20000748        0x4 ./Sources/main.o
                0x20000748                enc_pb_flag
 .bss.temp_flag
                0x2000074c        0x4 ./Sources/main.o
                0x2000074c                temp_flag
 .bss.hold      0x20000750        0x4 ./Sources/main.o
                0x20000750                hold
 .bss.argv      0x20000754       0x28 ./Project_Settings/Startup_Code/startup.o
 .bss.SumChan   0x2000077c        0x1 ./Generated_Code/AD1.o
 .bss.ModeFlg   0x2000077d        0x1 ./Generated_Code/AD1.o
 *fill*         0x2000077e        0x2 
 .bss.SampleGroup
                0x20000780        0x4 ./Generated_Code/AD1.o
 .bss.OutFlg    0x20000784        0x1 ./Generated_Code/AD1.o
 *fill*         0x20000785        0x3 
 .bss.DeviceDataPrv__DEFAULT_RTOS_ALLOC
                0x20000788        0x8 ./Generated_Code/AdcLdd1.o
 .bss.INT_ADC1__DEFAULT_RTOS_ISRPARAM
                0x20000790        0x4 ./Generated_Code/AdcLdd1.o
 .bss.DeviceDataPrv__DEFAULT_RTOS_ALLOC
                0x20000794        0x4 ./Generated_Code/BitIoLdd1.o
 .bss.DeviceDataPrv__DEFAULT_RTOS_ALLOC
                0x20000798        0x4 ./Generated_Code/BitIoLdd2.o
 .bss.DeviceDataPrv__DEFAULT_RTOS_ALLOC
                0x2000079c        0x4 ./Generated_Code/BitIoLdd3.o
 .bss.DeviceDataPrv__DEFAULT_RTOS_ALLOC
                0x200007a0        0x4 ./Generated_Code/CD1.o
 .bss.DeviceDataPrv__DEFAULT_RTOS_ALLOC
                0x200007a4       0x18 ./Generated_Code/CI2C1.o
 .bss.INT_I2C0__DEFAULT_RTOS_ISRPARAM
                0x200007bc        0x4 ./Generated_Code/CI2C1.o
 .bss.DeviceDataPrv__DEFAULT_RTOS_ALLOC
                0x200007c0        0x4 ./Generated_Code/D_Cpin1.o
 .bss.DeviceDataPrv__DEFAULT_RTOS_ALLOC
                0x200007c4        0x4 ./Generated_Code/ExtIntLdd1.o
 .bss.INT_PORTB__DEFAULT_RTOS_ISRPARAM
                0x200007c8        0x4 ./Generated_Code/ExtIntLdd1.o
 .bss.DeviceDataPrv__DEFAULT_RTOS_ALLOC
                0x200007cc        0x4 ./Generated_Code/ExtIntLdd2.o
 .bss.INT_PORTB__DEFAULT_RTOS_ISRPARAM
                0x200007d0        0x4 ./Generated_Code/ExtIntLdd2.o
 .bss.DeviceDataPrv__DEFAULT_RTOS_ALLOC
                0x200007d4        0x4 ./Generated_Code/ExtIntLdd3.o
 .bss.INT_PORTC__DEFAULT_RTOS_ISRPARAM
                0x200007d8        0x4 ./Generated_Code/ExtIntLdd3.o
 .bss.sCalValues
                0x200007dc        0x8 ./Generated_Code/FX1.o
 .bss.GI2C1_deviceData
                0x200007e4        0x8 ./Generated_Code/GI2C1.o
 .bss.writeBuf.6392
                0x200007ec       0x10 ./Generated_Code/GI2C1.o
 .bss.RES_DeviceData
                0x200007fc        0x4 ./Generated_Code/PDC1.o
 .bss.SCE_DeviceData
                0x20000800        0x4 ./Generated_Code/PDC1.o
 .bss.D_C_DeviceData
                0x20000804        0x4 ./Generated_Code/PDC1.o
 .bss.PDC1_DataReceivedFlag
                0x20000808        0x1 ./Generated_Code/PDC1.o
 *fill*         0x20000809        0x3 
 .bss.bigger.6543
                0x2000080c       0x50 ./Generated_Code/PDC1.o
 .bss.PE_LDD_DeviceDataList
                0x2000085c       0x4c ./Generated_Code/PE_LDD.o
                0x2000085c                PE_LDD_DeviceDataList
 .bss.DeviceDataPrv__DEFAULT_RTOS_ALLOC
                0x200008a8        0x4 ./Generated_Code/RESpin1.o
 .bss.DeviceDataPrv__DEFAULT_RTOS_ALLOC
                0x200008ac        0x4 ./Generated_Code/SCEpin1.o
 .bss.speedMode
                0x200008b0        0x1 ./Generated_Code/SD1.o
 .bss.SD1_DataReceivedFlag
                0x200008b1        0x1 ./Generated_Code/SD1.o
 *fill*         0x200008b2        0x2 
 .bss.DeviceDataPrv__DEFAULT_RTOS_ALLOC
                0x200008b4       0x20 ./Generated_Code/SM1.o
 .bss.INT_SPI0__DEFAULT_RTOS_ISRPARAM
                0x200008d4        0x4 ./Generated_Code/SM1.o
 .bss.DeviceDataPrv__DEFAULT_RTOS_ALLOC
                0x200008d8       0x20 ./Generated_Code/SM2.o
 .bss.INT_SPI1__DEFAULT_RTOS_ISRPARAM
                0x200008f8        0x4 ./Generated_Code/SM2.o
 .bss.DeviceDataPrv__DEFAULT_RTOS_ALLOC
                0x200008fc        0x4 ./Generated_Code/SS1.o
 .bss.TMOUT1_Counters
                0x20000900        0x4 ./Generated_Code/TMOUT1.o
 .bss.TMOUT1_FreeCounters
                0x20000904        0x4 ./Generated_Code/TMOUT1.o
 .bss.DeviceDataPrv__DEFAULT_RTOS_ALLOC
                0x20000908       0x10 ./Generated_Code/TU1.o
 .bss.INT_FTM0__DEFAULT_RTOS_ISRPARAM
                0x20000918        0x4 ./Generated_Code/TU1.o
 .bss.DeviceDataPrv__DEFAULT_RTOS_ALLOC
                0x2000091c        0xc ./Generated_Code/TU2.o
 .bss.INT_FTM1__DEFAULT_RTOS_ISRPARAM
                0x20000928        0x4 ./Generated_Code/TU2.o
 .bss.DeviceDataPrv__DEFAULT_RTOS_ALLOC
                0x2000092c        0xc ./Generated_Code/TimerIntLdd1.o
 .bss.DeviceDataPrv__DEFAULT_RTOS_ALLOC
                0x20000938        0xc ./Generated_Code/TimerIntLdd2.o
 .bss.CntDay    0x20000944        0x1 ./Generated_Code/TmDt1.o
 .bss.CntMonth  0x20000945        0x1 ./Generated_Code/TmDt1.o
 .bss.CntYear   0x20000946        0x2 ./Generated_Code/TmDt1.o
 .bss.tickCntr  0x20000948        0x4 ./Generated_Code/TmDt1.o
 .bss.FatFs     0x2000094c        0x4 ./Generated_Code/ff.o
 .bss.Fsid      0x20000950        0x2 ./Generated_Code/ff.o
 *fill*         0x20000952        0x2 
 .bss.heap_end.5175
                0x20000954        0x4 c:/freescale/kds_2.0.0/toolchain/bin/../lib/gcc/arm-none-eabi/4.8.0/../../../../arm-none-eabi/lib/m4/fp/v4-sp-d16\libg_s.a(lib_a-syscalls.o)
 .bss.__malloc_free_list
                0x20000958        0x4 c:/freescale/kds_2.0.0/toolchain/bin/../lib/gcc/arm-none-eabi/4.8.0/../../../../arm-none-eabi/lib/m4/fp/v4-sp-d16\libg_s.a(lib_a-mallocr.o)
                0x20000958                __malloc_free_list
 *(COMMON)
 COMMON         0x2000095c        0x1 ./Static_Code/System/CPU_Init.o
                0x2000095c                SR_reg
 *fill*         0x2000095d        0x3 
 COMMON         0x20000960       0x10 ./Sources/Events.o
                0x20000960                rot
                0x20000964                read_1
                0x20000968                adc1_flag
                0x2000096c                timer_1s
 COMMON         0x20000970       0xd0 ./Sources/main.o
                0x20000970                light_mV
                0x20000974                light_ratio
                0x20000978                light
                0x2000097c                res_str
                0x200009a4                x_pos
                0x200009a8                temp_C
                0x200009ac                temp_int
                0x200009b0                dec_str
                0x200009c0                Val
                0x200009c4                temp_adc
                0x200009c8                button_pressed
                0x200009cc                temp_mV
                0x200009d0                resistance
                0x200009d4                lux_str
                0x200009fc                str
                0x20000a24                char_col
                0x20000a28                temp_F
                0x20000a2c                temp_dec
                0x20000a30                int_str
 COMMON         0x20000a40        0x8 ./Generated_Code/AD1.o
                0x20000a40                AD1_OutV
                0x20000a44                AdcLdd1_DeviceDataPtr
 COMMON         0x20000a48        0x4 c:/freescale/kds_2.0.0/toolchain/bin/../lib/gcc/arm-none-eabi/4.8.0/../../../../arm-none-eabi/lib/m4/fp/v4-sp-d16\libg_s.a(lib_a-reent.o)
                0x20000a48                errno
                0x20000a4c                . = ALIGN (0x4)
                0x20000a4c                __END_BSS = .
                0x20000a4c                PROVIDE (__bss_end__, __END_BSS)
                0x0000a6ec                _romp_at = ((___ROM_AT + SIZEOF (.data)) + SIZEOF (.m_data_1FFF0000))

.romp           0x20000a4c       0x24 load address 0x0000a6ec
                0x0000a6ec                __S_romp = _romp_at
                0x20000a4c        0x4 LONG 0xa438 ___ROM_AT
                0x20000a50        0x4 LONG 0x20000000 _sdata
                0x20000a54        0x4 LONG 0x2b4 ___data_size
                0x20000a58        0x4 LONG 0xa6ec ___m_data_1FFF0000_ROMStart
                0x20000a5c        0x4 LONG 0x1fff0000 ___m_data_1FFF0000_RAMStart
                0x20000a60        0x4 LONG 0x0 ___m_data_1FFF0000_ROMSize
                0x20000a64        0x4 LONG 0x0
                0x20000a68        0x4 LONG 0x0
                0x20000a6c        0x4 LONG 0x0

._user_heap_stack
                0x20000a70      0x400 load address 0x0000a710
                0x20000a70                . = ALIGN (0x4)
                0x20000a70                PROVIDE (end, .)
                0x20000a70                PROVIDE (_end, .)
                0x20000a70                __heap_addr = .
                0x20000a70                __HeapBase = .
                0x20000a70                . = (. + __heap_size)
                0x20000a70                __HeapLimit = .
                0x20000e70                . = (. + __stack_size)
 *fill*         0x20000a70      0x400 
                0x20000e70                . = ALIGN (0x4)

.ARM.attributes
                0x00000000       0x37
 *(.ARM.attributes)
 .ARM.attributes
                0x00000000       0x27 c:/freescale/kds_2.0.0/toolchain/bin/../lib/gcc/arm-none-eabi/4.8.0/m4/fp/v4-sp-d16/crti.o
 .ARM.attributes
                0x00000027       0x39 c:/freescale/kds_2.0.0/toolchain/bin/../lib/gcc/arm-none-eabi/4.8.0/m4/fp/v4-sp-d16/crtbegin.o
 .ARM.attributes
                0x00000060       0x39 ./Static_Code/System/CPU_Init.o
 .ARM.attributes
                0x00000099       0x39 ./Static_Code/System/Vectors.o
 .ARM.attributes
                0x000000d2       0x39 ./Sources/Application.o
 .ARM.attributes
                0x0000010b       0x39 ./Sources/Events.o
 .ARM.attributes
                0x00000144       0x39 ./Sources/main.o
 .ARM.attributes
                0x0000017d       0x39 ./Project_Settings/Startup_Code/startup.o
 .ARM.attributes
                0x000001b6       0x39 ./Generated_Code/AD1.o
 .ARM.attributes
                0x000001ef       0x39 ./Generated_Code/AdcLdd1.o
 .ARM.attributes
                0x00000228       0x39 ./Generated_Code/BitIoLdd1.o
 .ARM.attributes
                0x00000261       0x39 ./Generated_Code/BitIoLdd2.o
 .ARM.attributes
                0x0000029a       0x39 ./Generated_Code/BitIoLdd3.o
 .ARM.attributes
                0x000002d3       0x39 ./Generated_Code/CD1.o
 .ARM.attributes
                0x0000030c       0x39 ./Generated_Code/CI2C1.o
 .ARM.attributes
                0x00000345       0x39 ./Generated_Code/Cpu.o
 .ARM.attributes
                0x0000037e       0x39 ./Generated_Code/D_Cpin1.o
 .ARM.attributes
                0x000003b7       0x39 ./Generated_Code/ENC_PB.o
 .ARM.attributes
                0x000003f0       0x39 ./Generated_Code/ENC_SW_1.o
 .ARM.attributes
                0x00000429       0x39 ./Generated_Code/ENC_SW_2.o
 .ARM.attributes
                0x00000462       0x39 ./Generated_Code/ExtIntLdd1.o
 .ARM.attributes
                0x0000049b       0x39 ./Generated_Code/ExtIntLdd2.o
 .ARM.attributes
                0x000004d4       0x39 ./Generated_Code/ExtIntLdd3.o
 .ARM.attributes
                0x0000050d       0x39 ./Generated_Code/FAT1.o
 .ARM.attributes
                0x00000546       0x39 ./Generated_Code/FX1.o
 .ARM.attributes
                0x0000057f       0x39 ./Generated_Code/GI2C1.o
 .ARM.attributes
                0x000005b8       0x39 ./Generated_Code/PDC1.o
 .ARM.attributes
                0x000005f1       0x39 ./Generated_Code/PE_LDD.o
 .ARM.attributes
                0x0000062a       0x39 ./Generated_Code/RESpin1.o
 .ARM.attributes
                0x00000663       0x39 ./Generated_Code/SCEpin1.o
 .ARM.attributes
                0x0000069c       0x39 ./Generated_Code/SD1.o
 .ARM.attributes
                0x000006d5       0x39 ./Generated_Code/SM1.o
 .ARM.attributes
                0x0000070e       0x39 ./Generated_Code/SM2.o
 .ARM.attributes
                0x00000747       0x39 ./Generated_Code/SS1.o
 .ARM.attributes
                0x00000780       0x39 ./Generated_Code/TI1_SW.o
 .ARM.attributes
                0x000007b9       0x39 ./Generated_Code/TMOUT1.o
 .ARM.attributes
                0x000007f2       0x39 ./Generated_Code/TU1.o
 .ARM.attributes
                0x0000082b       0x39 ./Generated_Code/TU2.o
 .ARM.attributes
                0x00000864       0x39 ./Generated_Code/TimerIntLdd1.o
 .ARM.attributes
                0x0000089d       0x39 ./Generated_Code/TimerIntLdd2.o
 .ARM.attributes
                0x000008d6       0x39 ./Generated_Code/TmDt1.o
 .ARM.attributes
                0x0000090f       0x39 ./Generated_Code/UTIL1.o
 .ARM.attributes
                0x00000948       0x39 ./Generated_Code/WAIT1.o
 .ARM.attributes
                0x00000981       0x39 ./Generated_Code/ff.o
 .ARM.attributes
                0x000009ba       0x39 c:/freescale/kds_2.0.0/toolchain/bin/../lib/gcc/arm-none-eabi/4.8.0/../../../../arm-none-eabi/lib/m4/fp/v4-sp-d16\libm.a(lib_a-sf_floor.o)
 .ARM.attributes
                0x000009f3       0x27 c:/freescale/kds_2.0.0/toolchain/bin/../lib/gcc/arm-none-eabi/4.8.0/m4/fp/v4-sp-d16\libgcc.a(_arm_addsubdf3.o)
 .ARM.attributes
                0x00000a1a       0x27 c:/freescale/kds_2.0.0/toolchain/bin/../lib/gcc/arm-none-eabi/4.8.0/m4/fp/v4-sp-d16\libgcc.a(_arm_muldivdf3.o)
 .ARM.attributes
                0x00000a41       0x27 c:/freescale/kds_2.0.0/toolchain/bin/../lib/gcc/arm-none-eabi/4.8.0/m4/fp/v4-sp-d16\libgcc.a(_arm_truncdfsf2.o)
 .ARM.attributes
                0x00000a68       0x39 c:/freescale/kds_2.0.0/toolchain/bin/../lib/gcc/arm-none-eabi/4.8.0/../../../../arm-none-eabi/lib/m4/fp/v4-sp-d16\libg_s.a(lib_a-impure.o)
 .ARM.attributes
                0x00000aa1       0x39 c:/freescale/kds_2.0.0/toolchain/bin/../lib/gcc/arm-none-eabi/4.8.0/../../../../arm-none-eabi/lib/m4/fp/v4-sp-d16\libg_s.a(lib_a-memcpy.o)
 .ARM.attributes
                0x00000ada       0x39 c:/freescale/kds_2.0.0/toolchain/bin/../lib/gcc/arm-none-eabi/4.8.0/../../../../arm-none-eabi/lib/m4/fp/v4-sp-d16\libg_s.a(lib_a-sprintf.o)
 .ARM.attributes
                0x00000b13       0x39 c:/freescale/kds_2.0.0/toolchain/bin/../lib/gcc/arm-none-eabi/4.8.0/../../../../arm-none-eabi/lib/m4/fp/v4-sp-d16\libg_s.a(lib_a-strlen.o)
 .ARM.attributes
                0x00000b4c       0x39 c:/freescale/kds_2.0.0/toolchain/bin/../lib/gcc/arm-none-eabi/4.8.0/../../../../arm-none-eabi/lib/m4/fp/v4-sp-d16\libg_s.a(lib_a-svfprintf.o)
 .ARM.attributes
                0x00000b85       0x39 c:/freescale/kds_2.0.0/toolchain/bin/../lib/gcc/arm-none-eabi/4.8.0/../../../../arm-none-eabi/lib/m4/fp/v4-sp-d16\libg_s.a(lib_a-syscalls.o)
 .ARM.attributes
                0x00000bbe       0x39 c:/freescale/kds_2.0.0/toolchain/bin/../lib/gcc/arm-none-eabi/4.8.0/../../../../arm-none-eabi/lib/m4/fp/v4-sp-d16\libg_s.a(lib_a-vfprintf_i.o)
 .ARM.attributes
                0x00000bf7       0x39 c:/freescale/kds_2.0.0/toolchain/bin/../lib/gcc/arm-none-eabi/4.8.0/../../../../arm-none-eabi/lib/m4/fp/v4-sp-d16\libg_s.a(lib_a-errno.o)
 .ARM.attributes
                0x00000c30       0x39 c:/freescale/kds_2.0.0/toolchain/bin/../lib/gcc/arm-none-eabi/4.8.0/../../../../arm-none-eabi/lib/m4/fp/v4-sp-d16\libg_s.a(lib_a-freer.o)
 .ARM.attributes
                0x00000c69       0x39 c:/freescale/kds_2.0.0/toolchain/bin/../lib/gcc/arm-none-eabi/4.8.0/../../../../arm-none-eabi/lib/m4/fp/v4-sp-d16\libg_s.a(lib_a-mallocr.o)
 .ARM.attributes
                0x00000ca2       0x39 c:/freescale/kds_2.0.0/toolchain/bin/../lib/gcc/arm-none-eabi/4.8.0/../../../../arm-none-eabi/lib/m4/fp/v4-sp-d16\libg_s.a(lib_a-memchr.o)
 .ARM.attributes
                0x00000cdb       0x39 c:/freescale/kds_2.0.0/toolchain/bin/../lib/gcc/arm-none-eabi/4.8.0/../../../../arm-none-eabi/lib/m4/fp/v4-sp-d16\libg_s.a(lib_a-reallocr.o)
 .ARM.attributes
                0x00000d14       0x39 c:/freescale/kds_2.0.0/toolchain/bin/../lib/gcc/arm-none-eabi/4.8.0/../../../../arm-none-eabi/lib/m4/fp/v4-sp-d16\libg_s.a(lib_a-sbrkr.o)
 .ARM.attributes
                0x00000d4d       0x39 c:/freescale/kds_2.0.0/toolchain/bin/../lib/gcc/arm-none-eabi/4.8.0/../../../../arm-none-eabi/lib/m4/fp/v4-sp-d16\libg_s.a(lib_a-msizer.o)
 .ARM.attributes
                0x00000d86       0x39 c:/freescale/kds_2.0.0/toolchain/bin/../lib/gcc/arm-none-eabi/4.8.0/../../../../arm-none-eabi/lib/m4/fp/v4-sp-d16\libg_s.a(lib_a-reent.o)
 .ARM.attributes
                0x00000dbf       0x39 c:/freescale/kds_2.0.0/toolchain/bin/../lib/gcc/arm-none-eabi/4.8.0/m4/fp/v4-sp-d16/crtend.o
 .ARM.attributes
                0x00000df8       0x27 c:/freescale/kds_2.0.0/toolchain/bin/../lib/gcc/arm-none-eabi/4.8.0/m4/fp/v4-sp-d16/crtn.o
OUTPUT(Lab2.elf elf32-littlearm)

.comment        0x00000000       0x2a
 .comment       0x00000000       0x2a c:/freescale/kds_2.0.0/toolchain/bin/../lib/gcc/arm-none-eabi/4.8.0/m4/fp/v4-sp-d16/crtbegin.o
                                 0x2b (size before relaxing)
 .comment       0x00000000       0x2b ./Static_Code/System/CPU_Init.o
 .comment       0x00000000       0x2b ./Static_Code/System/Vectors.o
 .comment       0x00000000       0x2b ./Sources/Application.o
 .comment       0x00000000       0x2b ./Sources/Events.o
 .comment       0x00000000       0x2b ./Sources/main.o
 .comment       0x00000000       0x2b ./Project_Settings/Startup_Code/startup.o
 .comment       0x00000000       0x2b ./Generated_Code/AD1.o
 .comment       0x00000000       0x2b ./Generated_Code/AdcLdd1.o
 .comment       0x00000000       0x2b ./Generated_Code/BitIoLdd1.o
 .comment       0x00000000       0x2b ./Generated_Code/BitIoLdd2.o
 .comment       0x00000000       0x2b ./Generated_Code/BitIoLdd3.o
 .comment       0x00000000       0x2b ./Generated_Code/CD1.o
 .comment       0x00000000       0x2b ./Generated_Code/CI2C1.o
 .comment       0x00000000       0x2b ./Generated_Code/Cpu.o
 .comment       0x00000000       0x2b ./Generated_Code/D_Cpin1.o
 .comment       0x00000000       0x2b ./Generated_Code/ENC_PB.o
 .comment       0x00000000       0x2b ./Generated_Code/ENC_SW_1.o
 .comment       0x00000000       0x2b ./Generated_Code/ENC_SW_2.o
 .comment       0x00000000       0x2b ./Generated_Code/ExtIntLdd1.o
 .comment       0x00000000       0x2b ./Generated_Code/ExtIntLdd2.o
 .comment       0x00000000       0x2b ./Generated_Code/ExtIntLdd3.o
 .comment       0x00000000       0x2b ./Generated_Code/FAT1.o
 .comment       0x00000000       0x2b ./Generated_Code/FX1.o
 .comment       0x00000000       0x2b ./Generated_Code/GI2C1.o
 .comment       0x00000000       0x2b ./Generated_Code/PDC1.o
 .comment       0x00000000       0x2b ./Generated_Code/PE_LDD.o
 .comment       0x00000000       0x2b ./Generated_Code/RESpin1.o
 .comment       0x00000000       0x2b ./Generated_Code/SCEpin1.o
 .comment       0x00000000       0x2b ./Generated_Code/SD1.o
 .comment       0x00000000       0x2b ./Generated_Code/SM1.o
 .comment       0x00000000       0x2b ./Generated_Code/SM2.o
 .comment       0x00000000       0x2b ./Generated_Code/SS1.o
 .comment       0x00000000       0x2b ./Generated_Code/TI1_SW.o
 .comment       0x00000000       0x2b ./Generated_Code/TMOUT1.o
 .comment       0x00000000       0x2b ./Generated_Code/TU1.o
 .comment       0x00000000       0x2b ./Generated_Code/TU2.o
 .comment       0x00000000       0x2b ./Generated_Code/TimerIntLdd1.o
 .comment       0x00000000       0x2b ./Generated_Code/TimerIntLdd2.o
 .comment       0x00000000       0x2b ./Generated_Code/TmDt1.o
 .comment       0x00000000       0x2b ./Generated_Code/UTIL1.o
 .comment       0x00000000       0x2b ./Generated_Code/WAIT1.o
 .comment       0x00000000       0x2b ./Generated_Code/ff.o
 .comment       0x00000000       0x2b c:/freescale/kds_2.0.0/toolchain/bin/../lib/gcc/arm-none-eabi/4.8.0/../../../../arm-none-eabi/lib/m4/fp/v4-sp-d16\libm.a(lib_a-sf_floor.o)
 .comment       0x00000000       0x2b c:/freescale/kds_2.0.0/toolchain/bin/../lib/gcc/arm-none-eabi/4.8.0/../../../../arm-none-eabi/lib/m4/fp/v4-sp-d16\libg_s.a(lib_a-impure.o)
 .comment       0x00000000       0x2b c:/freescale/kds_2.0.0/toolchain/bin/../lib/gcc/arm-none-eabi/4.8.0/../../../../arm-none-eabi/lib/m4/fp/v4-sp-d16\libg_s.a(lib_a-memcpy.o)
 .comment       0x00000000       0x2b c:/freescale/kds_2.0.0/toolchain/bin/../lib/gcc/arm-none-eabi/4.8.0/../../../../arm-none-eabi/lib/m4/fp/v4-sp-d16\libg_s.a(lib_a-sprintf.o)
 .comment       0x00000000       0x2b c:/freescale/kds_2.0.0/toolchain/bin/../lib/gcc/arm-none-eabi/4.8.0/../../../../arm-none-eabi/lib/m4/fp/v4-sp-d16\libg_s.a(lib_a-strlen.o)
 .comment       0x00000000       0x2b c:/freescale/kds_2.0.0/toolchain/bin/../lib/gcc/arm-none-eabi/4.8.0/../../../../arm-none-eabi/lib/m4/fp/v4-sp-d16\libg_s.a(lib_a-svfprintf.o)
 .comment       0x00000000       0x2b c:/freescale/kds_2.0.0/toolchain/bin/../lib/gcc/arm-none-eabi/4.8.0/../../../../arm-none-eabi/lib/m4/fp/v4-sp-d16\libg_s.a(lib_a-syscalls.o)
 .comment       0x00000000       0x2b c:/freescale/kds_2.0.0/toolchain/bin/../lib/gcc/arm-none-eabi/4.8.0/../../../../arm-none-eabi/lib/m4/fp/v4-sp-d16\libg_s.a(lib_a-vfprintf_i.o)
 .comment       0x00000000       0x2b c:/freescale/kds_2.0.0/toolchain/bin/../lib/gcc/arm-none-eabi/4.8.0/../../../../arm-none-eabi/lib/m4/fp/v4-sp-d16\libg_s.a(lib_a-errno.o)
 .comment       0x00000000       0x2b c:/freescale/kds_2.0.0/toolchain/bin/../lib/gcc/arm-none-eabi/4.8.0/../../../../arm-none-eabi/lib/m4/fp/v4-sp-d16\libg_s.a(lib_a-freer.o)
 .comment       0x00000000       0x2b c:/freescale/kds_2.0.0/toolchain/bin/../lib/gcc/arm-none-eabi/4.8.0/../../../../arm-none-eabi/lib/m4/fp/v4-sp-d16\libg_s.a(lib_a-mallocr.o)
 .comment       0x00000000       0x2b c:/freescale/kds_2.0.0/toolchain/bin/../lib/gcc/arm-none-eabi/4.8.0/../../../../arm-none-eabi/lib/m4/fp/v4-sp-d16\libg_s.a(lib_a-memchr.o)
 .comment       0x00000000       0x2b c:/freescale/kds_2.0.0/toolchain/bin/../lib/gcc/arm-none-eabi/4.8.0/../../../../arm-none-eabi/lib/m4/fp/v4-sp-d16\libg_s.a(lib_a-reallocr.o)
 .comment       0x00000000       0x2b c:/freescale/kds_2.0.0/toolchain/bin/../lib/gcc/arm-none-eabi/4.8.0/../../../../arm-none-eabi/lib/m4/fp/v4-sp-d16\libg_s.a(lib_a-sbrkr.o)
 .comment       0x00000000       0x2b c:/freescale/kds_2.0.0/toolchain/bin/../lib/gcc/arm-none-eabi/4.8.0/../../../../arm-none-eabi/lib/m4/fp/v4-sp-d16\libg_s.a(lib_a-msizer.o)
 .comment       0x00000000       0x2b c:/freescale/kds_2.0.0/toolchain/bin/../lib/gcc/arm-none-eabi/4.8.0/../../../../arm-none-eabi/lib/m4/fp/v4-sp-d16\libg_s.a(lib_a-reent.o)
 .comment       0x00000000       0x2b c:/freescale/kds_2.0.0/toolchain/bin/../lib/gcc/arm-none-eabi/4.8.0/m4/fp/v4-sp-d16/crtend.o

.debug_info     0x00000000     0xf6b3
 .debug_info    0x00000000      0xa5a ./Static_Code/System/CPU_Init.o
 .debug_info    0x00000a5a      0x816 ./Static_Code/System/Vectors.o
 .debug_info    0x00001270      0x505 ./Sources/Application.o
 .debug_info    0x00001775      0x2a6 ./Sources/Events.o
 .debug_info    0x00001a1b      0x33e ./Sources/main.o
 .debug_info    0x00001d59      0x498 ./Project_Settings/Startup_Code/startup.o
 .debug_info    0x000021f1      0x2f6 ./Generated_Code/AD1.o
 .debug_info    0x000024e7      0x952 ./Generated_Code/AdcLdd1.o
 .debug_info    0x00002e39      0x521 ./Generated_Code/BitIoLdd1.o
 .debug_info    0x0000335a      0x4fb ./Generated_Code/BitIoLdd2.o
 .debug_info    0x00003855      0x4fb ./Generated_Code/BitIoLdd3.o
 .debug_info    0x00003d50      0x4a5 ./Generated_Code/CD1.o
 .debug_info    0x000041f5      0x881 ./Generated_Code/CI2C1.o
 .debug_info    0x00004a76       0xb8 ./Generated_Code/Cpu.o
 .debug_info    0x00004b2e      0x521 ./Generated_Code/D_Cpin1.o
 .debug_info    0x0000504f       0xb2 ./Generated_Code/ENC_PB.o
 .debug_info    0x00005101       0xb2 ./Generated_Code/ENC_SW_1.o
 .debug_info    0x000051b3       0xb2 ./Generated_Code/ENC_SW_2.o
 .debug_info    0x00005265      0x5e6 ./Generated_Code/ExtIntLdd1.o
 .debug_info    0x0000584b      0x5e6 ./Generated_Code/ExtIntLdd2.o
 .debug_info    0x00005e31      0x5e6 ./Generated_Code/ExtIntLdd3.o
 .debug_info    0x00006417      0x4fd ./Generated_Code/FAT1.o
 .debug_info    0x00006914      0x860 ./Generated_Code/FX1.o
 .debug_info    0x00007174      0x5ce ./Generated_Code/GI2C1.o
 .debug_info    0x00007742      0x825 ./Generated_Code/PDC1.o
 .debug_info    0x00007f67      0x23b ./Generated_Code/PE_LDD.o
 .debug_info    0x000081a2      0x521 ./Generated_Code/RESpin1.o
 .debug_info    0x000086c3      0x521 ./Generated_Code/SCEpin1.o
 .debug_info    0x00008be4      0x795 ./Generated_Code/SD1.o
 .debug_info    0x00009379      0x830 ./Generated_Code/SM1.o
 .debug_info    0x00009ba9      0x8ca ./Generated_Code/SM2.o
 .debug_info    0x0000a473      0x521 ./Generated_Code/SS1.o
 .debug_info    0x0000a994       0xb2 ./Generated_Code/TI1_SW.o
 .debug_info    0x0000aa46      0x2ab ./Generated_Code/TMOUT1.o
 .debug_info    0x0000acf1      0x6b6 ./Generated_Code/TU1.o
 .debug_info    0x0000b3a7      0x631 ./Generated_Code/TU2.o
 .debug_info    0x0000b9d8      0x1f9 ./Generated_Code/TimerIntLdd1.o
 .debug_info    0x0000bbd1      0x177 ./Generated_Code/TimerIntLdd2.o
 .debug_info    0x0000bd48      0x36c ./Generated_Code/TmDt1.o
 .debug_info    0x0000c0b4     0x1594 ./Generated_Code/UTIL1.o
 .debug_info    0x0000d648      0x132 ./Generated_Code/WAIT1.o
 .debug_info    0x0000d77a     0x1f39 ./Generated_Code/ff.o

.debug_abbrev   0x00000000     0x37ae
 .debug_abbrev  0x00000000      0x1bd ./Static_Code/System/CPU_Init.o
 .debug_abbrev  0x000001bd       0xd6 ./Static_Code/System/Vectors.o
 .debug_abbrev  0x00000293      0x16f ./Sources/Application.o
 .debug_abbrev  0x00000402      0x176 ./Sources/Events.o
 .debug_abbrev  0x00000578       0xdc ./Sources/main.o
 .debug_abbrev  0x00000654      0x1a1 ./Project_Settings/Startup_Code/startup.o
 .debug_abbrev  0x000007f5      0x189 ./Generated_Code/AD1.o
 .debug_abbrev  0x0000097e      0x1b4 ./Generated_Code/AdcLdd1.o
 .debug_abbrev  0x00000b32      0x186 ./Generated_Code/BitIoLdd1.o
 .debug_abbrev  0x00000cb8      0x15d ./Generated_Code/BitIoLdd2.o
 .debug_abbrev  0x00000e15      0x15d ./Generated_Code/BitIoLdd3.o
 .debug_abbrev  0x00000f72      0x14e ./Generated_Code/CD1.o
 .debug_abbrev  0x000010c0      0x1a5 ./Generated_Code/CI2C1.o
 .debug_abbrev  0x00001265       0x45 ./Generated_Code/Cpu.o
 .debug_abbrev  0x000012aa      0x186 ./Generated_Code/D_Cpin1.o
 .debug_abbrev  0x00001430       0x68 ./Generated_Code/ENC_PB.o
 .debug_abbrev  0x00001498       0x68 ./Generated_Code/ENC_SW_1.o
 .debug_abbrev  0x00001500       0x68 ./Generated_Code/ENC_SW_2.o
 .debug_abbrev  0x00001568      0x15d ./Generated_Code/ExtIntLdd1.o
 .debug_abbrev  0x000016c5      0x15d ./Generated_Code/ExtIntLdd2.o
 .debug_abbrev  0x00001822      0x15d ./Generated_Code/ExtIntLdd3.o
 .debug_abbrev  0x0000197f      0x15b ./Generated_Code/FAT1.o
 .debug_abbrev  0x00001ada      0x1b5 ./Generated_Code/FX1.o
 .debug_abbrev  0x00001c8f      0x1eb ./Generated_Code/GI2C1.o
 .debug_abbrev  0x00001e7a      0x203 ./Generated_Code/PDC1.o
 .debug_abbrev  0x0000207d      0x10d ./Generated_Code/PE_LDD.o
 .debug_abbrev  0x0000218a      0x186 ./Generated_Code/RESpin1.o
 .debug_abbrev  0x00002310      0x186 ./Generated_Code/SCEpin1.o
 .debug_abbrev  0x00002496      0x25e ./Generated_Code/SD1.o
 .debug_abbrev  0x000026f4      0x1c3 ./Generated_Code/SM1.o
 .debug_abbrev  0x000028b7      0x1e4 ./Generated_Code/SM2.o
 .debug_abbrev  0x00002a9b      0x186 ./Generated_Code/SS1.o
 .debug_abbrev  0x00002c21       0x68 ./Generated_Code/TI1_SW.o
 .debug_abbrev  0x00002c89       0xaf ./Generated_Code/TMOUT1.o
 .debug_abbrev  0x00002d38      0x1a4 ./Generated_Code/TU1.o
 .debug_abbrev  0x00002edc      0x16a ./Generated_Code/TU2.o
 .debug_abbrev  0x00003046       0xdd ./Generated_Code/TimerIntLdd1.o
 .debug_abbrev  0x00003123       0xdd ./Generated_Code/TimerIntLdd2.o
 .debug_abbrev  0x00003200      0x143 ./Generated_Code/TmDt1.o
 .debug_abbrev  0x00003343      0x19e ./Generated_Code/UTIL1.o
 .debug_abbrev  0x000034e1       0xb1 ./Generated_Code/WAIT1.o
 .debug_abbrev  0x00003592      0x21c ./Generated_Code/ff.o

.debug_aranges  0x00000000     0x1308
 .debug_aranges
                0x00000000       0x40 ./Static_Code/System/CPU_Init.o
 .debug_aranges
                0x00000040      0x340 ./Static_Code/System/Vectors.o
 .debug_aranges
                0x00000380       0x30 ./Sources/Application.o
 .debug_aranges
                0x000003b0       0x70 ./Sources/Events.o
 .debug_aranges
                0x00000420       0x48 ./Sources/main.o
 .debug_aranges
                0x00000468       0x60 ./Project_Settings/Startup_Code/startup.o
 .debug_aranges
                0x000004c8       0x60 ./Generated_Code/AD1.o
 .debug_aranges
                0x00000528       0x60 ./Generated_Code/AdcLdd1.o
 .debug_aranges
                0x00000588       0x48 ./Generated_Code/BitIoLdd1.o
 .debug_aranges
                0x000005d0       0x40 ./Generated_Code/BitIoLdd2.o
 .debug_aranges
                0x00000610       0x40 ./Generated_Code/BitIoLdd3.o
 .debug_aranges
                0x00000650       0x30 ./Generated_Code/CD1.o
 .debug_aranges
                0x00000680       0x48 ./Generated_Code/CI2C1.o
 .debug_aranges
                0x000006c8       0x30 ./Generated_Code/Cpu.o
 .debug_aranges
                0x000006f8       0x48 ./Generated_Code/D_Cpin1.o
 .debug_aranges
                0x00000740       0x20 ./Generated_Code/ENC_PB.o
 .debug_aranges
                0x00000760       0x20 ./Generated_Code/ENC_SW_1.o
 .debug_aranges
                0x00000780       0x20 ./Generated_Code/ENC_SW_2.o
 .debug_aranges
                0x000007a0       0x30 ./Generated_Code/ExtIntLdd1.o
 .debug_aranges
                0x000007d0       0x30 ./Generated_Code/ExtIntLdd2.o
 .debug_aranges
                0x00000800       0x30 ./Generated_Code/ExtIntLdd3.o
 .debug_aranges
                0x00000830       0x78 ./Generated_Code/FAT1.o
 .debug_aranges
                0x000008a8      0x128 ./Generated_Code/FX1.o
 .debug_aranges
                0x000009d0       0xa0 ./Generated_Code/GI2C1.o
 .debug_aranges
                0x00000a70       0xe8 ./Generated_Code/PDC1.o
 .debug_aranges
                0x00000b58       0x30 ./Generated_Code/PE_LDD.o
 .debug_aranges
                0x00000b88       0x48 ./Generated_Code/RESpin1.o
 .debug_aranges
                0x00000bd0       0x48 ./Generated_Code/SCEpin1.o
 .debug_aranges
                0x00000c18       0xd8 ./Generated_Code/SD1.o
 .debug_aranges
                0x00000cf0       0x38 ./Generated_Code/SM1.o
 .debug_aranges
                0x00000d28       0x48 ./Generated_Code/SM2.o
 .debug_aranges
                0x00000d70       0x48 ./Generated_Code/SS1.o
 .debug_aranges
                0x00000db8       0x20 ./Generated_Code/TI1_SW.o
 .debug_aranges
                0x00000dd8       0x50 ./Generated_Code/TMOUT1.o
 .debug_aranges
                0x00000e28       0x38 ./Generated_Code/TU1.o
 .debug_aranges
                0x00000e60       0x28 ./Generated_Code/TU2.o
 .debug_aranges
                0x00000e88       0x38 ./Generated_Code/TimerIntLdd1.o
 .debug_aranges
                0x00000ec0       0x28 ./Generated_Code/TimerIntLdd2.o
 .debug_aranges
                0x00000ee8       0x58 ./Generated_Code/TmDt1.o
 .debug_aranges
                0x00000f40      0x1b8 ./Generated_Code/UTIL1.o
 .debug_aranges
                0x000010f8       0x40 ./Generated_Code/WAIT1.o
 .debug_aranges
                0x00001138      0x1d0 ./Generated_Code/ff.o

.debug_ranges   0x00000000     0x1080
 .debug_ranges  0x00000000       0x30 ./Static_Code/System/CPU_Init.o
 .debug_ranges  0x00000030      0x330 ./Static_Code/System/Vectors.o
 .debug_ranges  0x00000360       0x20 ./Sources/Application.o
 .debug_ranges  0x00000380       0x60 ./Sources/Events.o
 .debug_ranges  0x000003e0       0x38 ./Sources/main.o
 .debug_ranges  0x00000418       0x50 ./Project_Settings/Startup_Code/startup.o
 .debug_ranges  0x00000468       0x50 ./Generated_Code/AD1.o
 .debug_ranges  0x000004b8       0x50 ./Generated_Code/AdcLdd1.o
 .debug_ranges  0x00000508       0x38 ./Generated_Code/BitIoLdd1.o
 .debug_ranges  0x00000540       0x30 ./Generated_Code/BitIoLdd2.o
 .debug_ranges  0x00000570       0x30 ./Generated_Code/BitIoLdd3.o
 .debug_ranges  0x000005a0       0x20 ./Generated_Code/CD1.o
 .debug_ranges  0x000005c0       0x38 ./Generated_Code/CI2C1.o
 .debug_ranges  0x000005f8       0x20 ./Generated_Code/Cpu.o
 .debug_ranges  0x00000618       0x38 ./Generated_Code/D_Cpin1.o
 .debug_ranges  0x00000650       0x10 ./Generated_Code/ENC_PB.o
 .debug_ranges  0x00000660       0x10 ./Generated_Code/ENC_SW_1.o
 .debug_ranges  0x00000670       0x10 ./Generated_Code/ENC_SW_2.o
 .debug_ranges  0x00000680       0x20 ./Generated_Code/ExtIntLdd1.o
 .debug_ranges  0x000006a0       0x20 ./Generated_Code/ExtIntLdd2.o
 .debug_ranges  0x000006c0       0x20 ./Generated_Code/ExtIntLdd3.o
 .debug_ranges  0x000006e0       0x68 ./Generated_Code/FAT1.o
 .debug_ranges  0x00000748      0x118 ./Generated_Code/FX1.o
 .debug_ranges  0x00000860       0x90 ./Generated_Code/GI2C1.o
 .debug_ranges  0x000008f0       0xd8 ./Generated_Code/PDC1.o
 .debug_ranges  0x000009c8       0x20 ./Generated_Code/PE_LDD.o
 .debug_ranges  0x000009e8       0x38 ./Generated_Code/RESpin1.o
 .debug_ranges  0x00000a20       0x38 ./Generated_Code/SCEpin1.o
 .debug_ranges  0x00000a58       0xc8 ./Generated_Code/SD1.o
 .debug_ranges  0x00000b20       0x28 ./Generated_Code/SM1.o
 .debug_ranges  0x00000b48       0x38 ./Generated_Code/SM2.o
 .debug_ranges  0x00000b80       0x38 ./Generated_Code/SS1.o
 .debug_ranges  0x00000bb8       0x10 ./Generated_Code/TI1_SW.o
 .debug_ranges  0x00000bc8       0x40 ./Generated_Code/TMOUT1.o
 .debug_ranges  0x00000c08       0x28 ./Generated_Code/TU1.o
 .debug_ranges  0x00000c30       0x18 ./Generated_Code/TU2.o
 .debug_ranges  0x00000c48       0x28 ./Generated_Code/TimerIntLdd1.o
 .debug_ranges  0x00000c70       0x18 ./Generated_Code/TimerIntLdd2.o
 .debug_ranges  0x00000c88       0x48 ./Generated_Code/TmDt1.o
 .debug_ranges  0x00000cd0      0x1a8 ./Generated_Code/UTIL1.o
 .debug_ranges  0x00000e78       0x30 ./Generated_Code/WAIT1.o
 .debug_ranges  0x00000ea8      0x1d8 ./Generated_Code/ff.o

.debug_macro    0x00000000    0x382d3
 .debug_macro   0x00000000      0x2ce ./Static_Code/System/CPU_Init.o
 .debug_macro   0x000002ce      0x850 ./Static_Code/System/CPU_Init.o
 .debug_macro   0x00000b1e      0x214 ./Static_Code/System/CPU_Init.o
 .debug_macro   0x00000d32     0x17c9 ./Static_Code/System/CPU_Init.o
 .debug_macro   0x000024fb    0x10f7a ./Static_Code/System/CPU_Init.o
 .debug_macro   0x00013475      0x472 ./Static_Code/System/CPU_Init.o
 .debug_macro   0x000138e7      0x14e ./Static_Code/System/CPU_Init.o
 .debug_macro   0x00013a35       0x6a ./Static_Code/System/CPU_Init.o
 .debug_macro   0x00013a9f       0x2e ./Static_Code/System/CPU_Init.o
 .debug_macro   0x00013acd       0x2e ./Static_Code/System/CPU_Init.o
 .debug_macro   0x00013afb       0x95 ./Static_Code/System/CPU_Init.o
 .debug_macro   0x00013b90       0x16 ./Static_Code/System/CPU_Init.o
 .debug_macro   0x00013ba6       0x94 ./Static_Code/System/CPU_Init.o
 .debug_macro   0x00013c3a      0x12b ./Static_Code/System/CPU_Init.o
 .debug_macro   0x00013d65       0x40 ./Static_Code/System/CPU_Init.o
 .debug_macro   0x00013da5       0x46 ./Static_Code/System/CPU_Init.o
 .debug_macro   0x00013deb       0x46 ./Static_Code/System/CPU_Init.o
 .debug_macro   0x00013e31      0x648 ./Static_Code/System/CPU_Init.o
 .debug_macro   0x00014479       0x43 ./Static_Code/System/CPU_Init.o
 .debug_macro   0x000144bc       0x37 ./Static_Code/System/CPU_Init.o
 .debug_macro   0x000144f3       0xc8 ./Static_Code/System/CPU_Init.o
 .debug_macro   0x000145bb       0x4c ./Static_Code/System/CPU_Init.o
 .debug_macro   0x00014607       0x27 ./Static_Code/System/CPU_Init.o
 .debug_macro   0x0001462e       0x46 ./Static_Code/System/CPU_Init.o
 .debug_macro   0x00014674       0x20 ./Static_Code/System/CPU_Init.o
 .debug_macro   0x00014694       0x46 ./Static_Code/System/CPU_Init.o
 .debug_macro   0x000146da       0x20 ./Static_Code/System/CPU_Init.o
 .debug_macro   0x000146fa      0x4e9 ./Static_Code/System/CPU_Init.o
 .debug_macro   0x00014be3       0x2e ./Static_Code/System/CPU_Init.o
 .debug_macro   0x00014c11       0x34 ./Static_Code/System/CPU_Init.o
 .debug_macro   0x00014c45       0x34 ./Static_Code/System/CPU_Init.o
 .debug_macro   0x00014c79      0x6a6 ./Static_Code/System/CPU_Init.o
 .debug_macro   0x0001531f       0x59 ./Static_Code/System/CPU_Init.o
 .debug_macro   0x00015378       0x28 ./Static_Code/System/CPU_Init.o
 .debug_macro   0x000153a0       0x12 ./Static_Code/System/CPU_Init.o
 .debug_macro   0x000153b2      0x61c ./Static_Code/System/CPU_Init.o
 .debug_macro   0x000159ce       0x7b ./Static_Code/System/CPU_Init.o
 .debug_macro   0x00015a49       0x10 ./Static_Code/System/CPU_Init.o
 .debug_macro   0x00015a59      0x2a8 ./Static_Code/System/CPU_Init.o
 .debug_macro   0x00015d01      0x2bc ./Static_Code/System/Vectors.o
 .debug_macro   0x00015fbd      0x243 ./Sources/Application.o
 .debug_macro   0x00016200     0x17f3 ./Sources/Application.o
 .debug_macro   0x000179f3       0x31 ./Sources/Application.o
 .debug_macro   0x00017a24       0x43 ./Sources/Application.o
 .debug_macro   0x00017a67       0x16 ./Sources/Application.o
 .debug_macro   0x00017a7d       0xac ./Sources/Application.o
 .debug_macro   0x00017b29       0x52 ./Sources/Application.o
 .debug_macro   0x00017b7b      0x642 ./Sources/Application.o
 .debug_macro   0x000181bd       0x51 ./Sources/Application.o
 .debug_macro   0x0001820e      0x131 ./Sources/Application.o
 .debug_macro   0x0001833f       0x46 ./Sources/Application.o
 .debug_macro   0x00018385       0x3a ./Sources/Application.o
 .debug_macro   0x000183bf       0x2e ./Sources/Application.o
 .debug_macro   0x000183ed       0x1c ./Sources/Application.o
 .debug_macro   0x00018409       0x1c ./Sources/Application.o
 .debug_macro   0x00018425       0xe4 ./Sources/Application.o
 .debug_macro   0x00018509       0xd6 ./Sources/Application.o
 .debug_macro   0x000185df       0xeb ./Sources/Application.o
 .debug_macro   0x000186ca       0x1c ./Sources/Application.o
 .debug_macro   0x000186e6       0x3a ./Sources/Application.o
 .debug_macro   0x00018720       0x52 ./Sources/Application.o
 .debug_macro   0x00018772       0x19 ./Sources/Application.o
 .debug_macro   0x0001878b      0x16d ./Sources/Application.o
 .debug_macro   0x000188f8       0x89 ./Sources/Application.o
 .debug_macro   0x00018981       0xef ./Sources/Application.o
 .debug_macro   0x00018a70       0x19 ./Sources/Application.o
 .debug_macro   0x00018a89       0xf4 ./Sources/Application.o
 .debug_macro   0x00018b7d       0xe0 ./Sources/Application.o
 .debug_macro   0x00018c5d      0x52f ./Sources/Events.o
 .debug_macro   0x0001918c       0x58 ./Sources/Events.o
 .debug_macro   0x000191e4       0x4c ./Sources/Events.o
 .debug_macro   0x00019230       0x4f ./Sources/Events.o
 .debug_macro   0x0001927f       0x1c ./Sources/Events.o
 .debug_macro   0x0001929b      0x626 ./Sources/Events.o
 .debug_macro   0x000198c1      0x327 ./Sources/Events.o
 .debug_macro   0x00019be8      0x1e8 ./Sources/Events.o
 .debug_macro   0x00019dd0      0x109 ./Sources/Events.o
 .debug_macro   0x00019ed9      0x17e ./Sources/Events.o
 .debug_macro   0x0001a057      0x200 ./Sources/Events.o
 .debug_macro   0x0001a257      0x91e ./Sources/Events.o
 .debug_macro   0x0001ab75      0x588 ./Sources/Events.o
 .debug_macro   0x0001b0fd       0x9e ./Sources/Events.o
 .debug_macro   0x0001b19b      0x1f7 ./Sources/Events.o
 .debug_macro   0x0001b392      0x50f ./Sources/Events.o
 .debug_macro   0x0001b8a1      0x297 ./Sources/Events.o
 .debug_macro   0x0001bb38      0x318 ./Sources/Events.o
 .debug_macro   0x0001be50      0x25a ./Sources/Events.o
 .debug_macro   0x0001c0aa      0x13d ./Sources/Events.o
 .debug_macro   0x0001c1e7      0x30b ./Sources/Events.o
 .debug_macro   0x0001c4f2       0xba ./Sources/Events.o
 .debug_macro   0x0001c5ac       0xe9 ./Sources/Events.o
 .debug_macro   0x0001c695      0x191 ./Sources/Events.o
 .debug_macro   0x0001c826       0xea ./Sources/Events.o
 .debug_macro   0x0001c910      0x348 ./Sources/Events.o
 .debug_macro   0x0001cc58      0x7d6 ./Sources/Events.o
 .debug_macro   0x0001d42e      0x179 ./Sources/Events.o
 .debug_macro   0x0001d5a7      0x645 ./Sources/Events.o
 .debug_macro   0x0001dbec      0x8d8 ./Sources/Events.o
 .debug_macro   0x0001e4c4      0x11c ./Sources/Events.o
 .debug_macro   0x0001e5e0       0x81 ./Sources/Events.o
 .debug_macro   0x0001e661      0x7bf ./Sources/Events.o
 .debug_macro   0x0001ee20      0x10f ./Sources/Events.o
 .debug_macro   0x0001ef2f      0x614 ./Sources/Events.o
 .debug_macro   0x0001f543      0x181 ./Sources/Events.o
 .debug_macro   0x0001f6c4      0x60a ./Sources/main.o
 .debug_macro   0x0001fcce       0x10 ./Sources/main.o
 .debug_macro   0x0001fcde       0x10 ./Sources/main.o
 .debug_macro   0x0001fcee       0x10 ./Sources/main.o
 .debug_macro   0x0001fcfe       0x22 ./Sources/main.o
 .debug_macro   0x0001fd20       0x91 ./Sources/main.o
 .debug_macro   0x0001fdb1       0x16 ./Sources/main.o
 .debug_macro   0x0001fdc7      0x14a ./Sources/main.o
 .debug_macro   0x0001ff11       0x10 ./Sources/main.o
 .debug_macro   0x0001ff21       0x35 ./Sources/main.o
 .debug_macro   0x0001ff56       0x1c ./Sources/main.o
 .debug_macro   0x0001ff72       0xd7 ./Sources/main.o
 .debug_macro   0x00020049     0x17ed ./Sources/main.o
 .debug_macro   0x00021836       0x10 ./Sources/main.o
 .debug_macro   0x00021846       0xed ./Sources/main.o
 .debug_macro   0x00021933       0x4c ./Sources/main.o
 .debug_macro   0x0002197f      0x119 ./Project_Settings/Startup_Code/startup.o
 .debug_macro   0x00021a98       0x89 ./Project_Settings/Startup_Code/startup.o
 .debug_macro   0x00021b21       0x10 ./Project_Settings/Startup_Code/startup.o
 .debug_macro   0x00021b31    0x10f6e ./Project_Settings/Startup_Code/startup.o
 .debug_macro   0x00032a9f      0x41a ./Generated_Code/AD1.o
 .debug_macro   0x00032eb9      0x113 ./Generated_Code/AdcLdd1.o
 .debug_macro   0x00032fcc      0x616 ./Generated_Code/AdcLdd1.o
 .debug_macro   0x000335e2       0xe6 ./Generated_Code/BitIoLdd1.o
 .debug_macro   0x000336c8       0x46 ./Generated_Code/BitIoLdd1.o
 .debug_macro   0x0003370e       0xe6 ./Generated_Code/BitIoLdd2.o
 .debug_macro   0x000337f4       0x40 ./Generated_Code/BitIoLdd2.o
 .debug_macro   0x00033834       0xe6 ./Generated_Code/BitIoLdd3.o
 .debug_macro   0x0003391a       0x40 ./Generated_Code/BitIoLdd3.o
 .debug_macro   0x0003395a       0xe6 ./Generated_Code/CD1.o
 .debug_macro   0x00033a40       0x34 ./Generated_Code/CD1.o
 .debug_macro   0x00033a74      0x13b ./Generated_Code/CI2C1.o
 .debug_macro   0x00033baf      0x4e3 ./Generated_Code/CI2C1.o
 .debug_macro   0x00034092      0x41a ./Generated_Code/Cpu.o
 .debug_macro   0x000344ac       0xe6 ./Generated_Code/D_Cpin1.o
 .debug_macro   0x00034592       0x40 ./Generated_Code/D_Cpin1.o
 .debug_macro   0x000345d2      0x3fc ./Generated_Code/ENC_PB.o
 .debug_macro   0x000349ce      0x3fc ./Generated_Code/ENC_SW_1.o
 .debug_macro   0x00034dca      0x3fc ./Generated_Code/ENC_SW_2.o
 .debug_macro   0x000351c6       0xff ./Generated_Code/ExtIntLdd1.o
 .debug_macro   0x000352c5       0xff ./Generated_Code/ExtIntLdd2.o
 .debug_macro   0x000353c4       0x2e ./Generated_Code/ExtIntLdd2.o
 .debug_macro   0x000353f2       0xff ./Generated_Code/ExtIntLdd3.o
 .debug_macro   0x000354f1       0x2e ./Generated_Code/ExtIntLdd3.o
 .debug_macro   0x0003551f      0x1fd ./Generated_Code/FAT1.o
 .debug_macro   0x0003571c       0xee ./Generated_Code/FAT1.o
 .debug_macro   0x0003580a       0xee ./Generated_Code/FAT1.o
 .debug_macro   0x000358f8      0x10d ./Generated_Code/FX1.o
 .debug_macro   0x00035a05       0xe6 ./Generated_Code/GI2C1.o
 .debug_macro   0x00035aeb      0x192 ./Generated_Code/PDC1.o
 .debug_macro   0x00035c7d      0x380 ./Generated_Code/PE_LDD.o
 .debug_macro   0x00035ffd       0xe6 ./Generated_Code/RESpin1.o
 .debug_macro   0x000360e3       0xe6 ./Generated_Code/SCEpin1.o
 .debug_macro   0x000361c9       0x40 ./Generated_Code/SCEpin1.o
 .debug_macro   0x00036209      0x1bc ./Generated_Code/SD1.o
 .debug_macro   0x000363c5      0x40e ./Generated_Code/SM1.o
 .debug_macro   0x000367d3      0x411 ./Generated_Code/SM2.o
 .debug_macro   0x00036be4       0xe6 ./Generated_Code/SS1.o
 .debug_macro   0x00036cca      0x3fc ./Generated_Code/TI1_SW.o
 .debug_macro   0x000370c6       0xe3 ./Generated_Code/TMOUT1.o